#-----------------------------------------------------------
# Vivado v2024.2 (64-bit)
# SW Build 5239630 on Fri Nov 08 22:34:34 MST 2024
# IP Build 5239520 on Sun Nov 10 16:12:51 MST 2024
# SharedData Build 5239561 on Fri Nov 08 14:39:27 MST 2024
# Start of session at: Sat Feb  8 00:02:27 2025
# Process ID         : 475415
# Current directory  : /home/hakam/Repos/ChaosCore-FPGA/RV32RocketFPGAConfig/RV32Rocket/RV32Rocket.runs/BD_zynq_ultra_ps_e_0_0_synth_1
# Command line       : vivado -log BD_zynq_ultra_ps_e_0_0.vds -product Vivado -mode batch -messageDb vivado.pb -notrace -source BD_zynq_ultra_ps_e_0_0.tcl
# Log file           : /home/hakam/Repos/ChaosCore-FPGA/RV32RocketFPGAConfig/RV32Rocket/RV32Rocket.runs/BD_zynq_ultra_ps_e_0_0_synth_1/BD_zynq_ultra_ps_e_0_0.vds
# Journal file       : /home/hakam/Repos/ChaosCore-FPGA/RV32RocketFPGAConfig/RV32Rocket/RV32Rocket.runs/BD_zynq_ultra_ps_e_0_0_synth_1/vivado.jou
# Running On         : hakam-MS-7D46
# Platform           : Ubuntu
# Operating System   : Ubuntu 24.04.1 LTS
# Processor Detail   : 12th Gen Intel(R) Core(TM) i7-12700KF
# CPU Frequency      : 4810.287 MHz
# CPU Physical cores : 12
# CPU Logical cores  : 20
# Host memory        : 16617 MB
# Swap memory        : 4294 MB
# Total Virtual      : 20912 MB
# Available Virtual  : 11118 MB
#-----------------------------------------------------------
source BD_zynq_ultra_ps_e_0_0.tcl -notrace
