Copyright 1986-2022 Xilinx, Inc. All Rights Reserved. Copyright 2022-2024 Advanced Micro Devices, Inc. All Rights Reserved.
---------------------------------------------------------------------------------------------------------------------------------------------
| Tool Version : Vivado v.2024.2 (lin64) Build 5239630 Fri Nov 08 22:34:34 MST 2024
| Date         : Thu Mar 27 18:42:09 2025
| Host         : Desktop-Home running 64-bit Linux Mint 22
| Command      : report_utilization -file BD_wrapper_utilization_placed.rpt -pb BD_wrapper_utilization_placed.pb
| Design       : BD_wrapper
| Device       : xczu3eg-sbva484-1-i
| Speed File   : -1
| Design State : Fully Placed
---------------------------------------------------------------------------------------------------------------------------------------------

Utilization Design Information

Table of Contents
-----------------
1. CLB Logic
1.1 Summary of Registers by Type
2. CLB Logic Distribution
3. BLOCKRAM
4. ARITHMETIC
5. I/O
6. CLOCK
7. ADVANCED
8. CONFIGURATION
9. Primitives
10. Black Boxes
11. Instantiated Netlists

1. CLB Logic
------------

+----------------------------+-------+-------+------------+-----------+-------+
|          Site Type         |  Used | Fixed | Prohibited | Available | Util% |
+----------------------------+-------+-------+------------+-----------+-------+
| CLB LUTs                   | 64892 |     0 |          0 |     70560 | 91.97 |
|   LUT as Logic             | 54768 |     0 |          0 |     70560 | 77.62 |
|   LUT as Memory            | 10124 |     0 |          0 |     28800 | 35.15 |
|     LUT as Distributed RAM |  8324 |     0 |            |           |       |
|     LUT as Shift Register  |  1800 |     0 |            |           |       |
| CLB Registers              | 44748 |     0 |          0 |    141120 | 31.71 |
|   Register as Flip Flop    | 44748 |     0 |          0 |    141120 | 31.71 |
|   Register as Latch        |     0 |     0 |          0 |    141120 |  0.00 |
| CARRY8                     |   372 |     0 |          0 |      8820 |  4.22 |
| F7 Muxes                   |  1754 |     0 |          0 |     35280 |  4.97 |
| F8 Muxes                   |   476 |     0 |          0 |     17640 |  2.70 |
| F9 Muxes                   |     0 |     0 |          0 |      8820 |  0.00 |
+----------------------------+-------+-------+------------+-----------+-------+
* Warning! LUT value is adjusted to account for LUT combining.


1.1 Summary of Registers by Type
--------------------------------

+-------+--------------+-------------+--------------+
| Total | Clock Enable | Synchronous | Asynchronous |
+-------+--------------+-------------+--------------+
| 0     |            _ |           - |            - |
| 0     |            _ |           - |          Set |
| 0     |            _ |           - |        Reset |
| 0     |            _ |         Set |            - |
| 0     |            _ |       Reset |            - |
| 0     |          Yes |           - |            - |
| 1     |          Yes |           - |          Set |
| 224   |          Yes |           - |        Reset |
| 1292  |          Yes |         Set |            - |
| 43231 |          Yes |       Reset |            - |
+-------+--------------+-------------+--------------+


2. CLB Logic Distribution
-------------------------

+--------------------------------------------+-------+-------+------------+-----------+--------+
|                  Site Type                 |  Used | Fixed | Prohibited | Available |  Util% |
+--------------------------------------------+-------+-------+------------+-----------+--------+
| CLB                                        |  8820 |     0 |          0 |      8820 | 100.00 |
|   CLBL                                     |  5220 |     0 |            |           |        |
|   CLBM                                     |  3600 |     0 |            |           |        |
| LUT as Logic                               | 54768 |     0 |          0 |     70560 |  77.62 |
|   using O5 output only                     |   962 |       |            |           |        |
|   using O6 output only                     | 42648 |       |            |           |        |
|   using O5 and O6                          | 11158 |       |            |           |        |
| LUT as Memory                              | 10124 |     0 |          0 |     28800 |  35.15 |
|   LUT as Distributed RAM                   |  8324 |     0 |            |           |        |
|     using O5 output only                   |     0 |       |            |           |        |
|     using O6 output only                   |  2580 |       |            |           |        |
|     using O5 and O6                        |  5744 |       |            |           |        |
|   LUT as Shift Register                    |  1800 |     0 |            |           |        |
|     using O5 output only                   |     0 |       |            |           |        |
|     using O6 output only                   |  1800 |       |            |           |        |
|     using O5 and O6                        |     0 |       |            |           |        |
| CLB Registers                              | 44748 |     0 |          0 |    141120 |  31.71 |
|   Register driven from within the CLB      | 31390 |       |            |           |        |
|   Register driven from outside the CLB     | 13358 |       |            |           |        |
|     LUT in front of the register is unused |  2730 |       |            |           |        |
|     LUT in front of the register is used   | 10628 |       |            |           |        |
| Unique Control Sets                        |  2442 |       |          0 |     17640 |  13.84 |
+--------------------------------------------+-------+-------+------------+-----------+--------+
* * Note: Available Control Sets calculated as Slices * 2, Review the Control Sets Report for more information regarding control sets.


3. BLOCKRAM
-----------

+-------------------+------+-------+------------+-----------+-------+
|     Site Type     | Used | Fixed | Prohibited | Available | Util% |
+-------------------+------+-------+------------+-----------+-------+
| Block RAM Tile    |  193 |     0 |          0 |       216 | 89.35 |
|   RAMB36/FIFO*    |  176 |     0 |          0 |       216 | 81.48 |
|     RAMB36E2 only |  176 |       |            |           |       |
|   RAMB18          |   34 |     0 |          0 |       432 |  7.87 |
|     RAMB18E2 only |   34 |       |            |           |       |
+-------------------+------+-------+------------+-----------+-------+
* Note: Each Block RAM Tile only has one FIFO logic available and therefore can accommodate only one FIFO36E2 or one FIFO18E2. However, if a FIFO18E2 occupies a Block RAM Tile, that tile can still accommodate a RAMB18E2


4. ARITHMETIC
-------------

+----------------+------+-------+------------+-----------+-------+
|    Site Type   | Used | Fixed | Prohibited | Available | Util% |
+----------------+------+-------+------------+-----------+-------+
| DSPs           |   15 |     0 |          0 |       360 |  4.17 |
|   DSP48E2 only |   15 |       |            |           |       |
+----------------+------+-------+------------+-----------+-------+


5. I/O
------

+------------------+------+-------+------------+-----------+-------+
|     Site Type    | Used | Fixed | Prohibited | Available | Util% |
+------------------+------+-------+------------+-----------+-------+
| Bonded IOB       |    4 |     4 |          0 |        82 |  4.88 |
| HPIOB_M          |    0 |     0 |          0 |        26 |  0.00 |
| HPIOB_S          |    0 |     0 |          0 |        26 |  0.00 |
| HDIOB_M          |    2 |     2 |          0 |        12 | 16.67 |
|   INPUT          |    1 |       |            |           |       |
|   OUTPUT         |    1 |       |            |           |       |
|   BIDIR          |    0 |       |            |           |       |
| HDIOB_S          |    2 |     2 |          0 |        12 | 16.67 |
|   INPUT          |    0 |       |            |           |       |
|   OUTPUT         |    2 |       |            |           |       |
|   BIDIR          |    0 |       |            |           |       |
| HPIOB_SNGL       |    0 |     0 |          0 |         6 |  0.00 |
| HPIOBDIFFINBUF   |    0 |     0 |          0 |        72 |  0.00 |
| HPIOBDIFFOUTBUF  |    0 |     0 |          0 |        72 |  0.00 |
| HDIOBDIFFINBUF   |    0 |     0 |          0 |        48 |  0.00 |
| BITSLICE_CONTROL |    0 |     0 |          0 |        24 |  0.00 |
| BITSLICE_RX_TX   |    0 |     0 |          0 |       936 |  0.00 |
| BITSLICE_TX      |    0 |     0 |          0 |        24 |  0.00 |
| RIU_OR           |    0 |     0 |          0 |        12 |  0.00 |
+------------------+------+-------+------------+-----------+-------+


6. CLOCK
--------

+------------+------+-------+------------+-----------+-------+
|  Site Type | Used | Fixed | Prohibited | Available | Util% |
+------------+------+-------+------------+-----------+-------+
| BUFGCE     |    3 |     0 |          0 |        88 |  3.41 |
| BUFGCE_DIV |    0 |     0 |          0 |        12 |  0.00 |
| BUFG_PS    |    1 |     0 |          0 |        72 |  1.39 |
| BUFGCTRL*  |    0 |     0 |          0 |        24 |  0.00 |
| PLL        |    0 |     0 |          0 |         6 |  0.00 |
| MMCM       |    0 |     0 |          0 |         3 |  0.00 |
+------------+------+-------+------------+-----------+-------+
* Note: Each used BUFGCTRL counts as two GLOBAL CLOCK BUFFERs. This table does not include global clocking resources, only buffer cell usage. See the Clock Utilization Report (report_clock_utilization) for detailed accounting of global clocking resource availability.


7. ADVANCED
-----------

+-----------+------+-------+------------+-----------+--------+
| Site Type | Used | Fixed | Prohibited | Available |  Util% |
+-----------+------+-------+------------+-----------+--------+
| PS8       |    1 |     0 |          0 |         1 | 100.00 |
| SYSMONE4  |    0 |     0 |          0 |         1 |   0.00 |
+-----------+------+-------+------------+-----------+--------+


8. CONFIGURATION
----------------

+-------------+------+-------+------------+-----------+-------+
|  Site Type  | Used | Fixed | Prohibited | Available | Util% |
+-------------+------+-------+------------+-----------+-------+
| BSCANE2     |    0 |     0 |          0 |         4 |  0.00 |
| DNA_PORTE2  |    0 |     0 |          0 |         1 |  0.00 |
| EFUSE_USR   |    0 |     0 |          0 |         1 |  0.00 |
| FRAME_ECCE4 |    0 |     0 |          0 |         1 |  0.00 |
| ICAPE3      |    0 |     0 |          0 |         2 |  0.00 |
| MASTER_JTAG |    0 |     0 |          0 |         1 |  0.00 |
| STARTUPE3   |    0 |     0 |          0 |         1 |  0.00 |
+-------------+------+-------+------------+-----------+-------+


9. Primitives
-------------

+----------+-------+---------------------+
| Ref Name |  Used | Functional Category |
+----------+-------+---------------------+
| FDRE     | 43231 |            Register |
| LUT6     | 26271 |                 CLB |
| LUT5     | 14302 |                 CLB |
| LUT3     | 12269 |                 CLB |
| RAMD32   | 10076 |                 CLB |
| LUT4     |  7934 |                 CLB |
| LUT2     |  4243 |                 CLB |
| RAMD64E  |  2552 |                 CLB |
| MUXF7    |  1754 |                 CLB |
| RAMS32   |  1440 |                 CLB |
| FDSE     |  1292 |            Register |
| SRLC32E  |  1259 |                 CLB |
| LUT1     |   907 |                 CLB |
| SRL16E   |   541 |                 CLB |
| MUXF8    |   476 |                 CLB |
| CARRY8   |   372 |                 CLB |
| FDCE     |   224 |            Register |
| RAMB36E2 |   176 |            BLOCKRAM |
| RAMB18E2 |    34 |            BLOCKRAM |
| DSP48E2  |    15 |          Arithmetic |
| OBUF     |     3 |                 I/O |
| BUFGCE   |     3 |               Clock |
| PS8      |     1 |            Advanced |
| INBUF    |     1 |                 I/O |
| IBUFCTRL |     1 |              Others |
| FDPE     |     1 |            Register |
| BUFG_PS  |     1 |               Clock |
+----------+-------+---------------------+


10. Black Boxes
---------------

+----------+------+
| Ref Name | Used |
+----------+------+


11. Instantiated Netlists
-------------------------

+------------------------+------+
|        Ref Name        | Used |
+------------------------+------+
| BD_zynq_ultra_ps_e_0_0 |    1 |
| BD_smartconnect_0_0    |    1 |
| BD_rst_ps8_0_100M_0    |    1 |
| BD_ctrl0_0_0           |    1 |
| BD_blk_mem_gen_0_0     |    1 |
| BD_blink_0_0           |    1 |
| BD_axi_smc_0           |    1 |
| BD_axi_gpio_1_0        |    1 |
| BD_axi_gpio_0_0        |    1 |
| BD_axi_bram_ctrl_1_0   |    1 |
| BD_axi_bram_ctrl_0_0   |    1 |
| BD_ChaosCoreTop_0_0    |    1 |
| BD_AXI_data_snoop_0_0  |    1 |
+------------------------+------+


