Copyright 1986-2022 Xilinx, Inc. All Rights Reserved. Copyright 2022-2024 Advanced Micro Devices, Inc. All Rights Reserved.
---------------------------------------------------------------------------------------------------------------------------------------------
| Tool Version : Vivado v.2024.2 (lin64) Build 5239630 Fri Nov 08 22:34:34 MST 2024
| Date         : Thu Mar 27 18:46:22 2025
| Host         : Desktop-Home running 64-bit Linux Mint 22
| Command      : report_drc -file BD_wrapper_drc_routed.rpt -pb BD_wrapper_drc_routed.pb -rpx BD_wrapper_drc_routed.rpx
| Design       : BD_wrapper
| Device       : xczu3eg-sbva484-1-i
| Speed File   : -1
| Design State : Fully Routed
---------------------------------------------------------------------------------------------------------------------------------------------

Report DRC

Table of Contents
-----------------
1. REPORT SUMMARY
2. REPORT DETAILS

1. REPORT SUMMARY
-----------------
            Netlist: netlist
          Floorplan: design_1
      Design limits: <entire design considered>
           Ruledeck: default
             Max checks: <unlimited>
             Checks found: 54
+--------+----------+------------------------+--------+
| Rule   | Severity | Description            | Checks |
+--------+----------+------------------------+--------+
| DPIP-2 | Warning  | Input pipelining       | 30     |
| DPOP-3 | Warning  | PREG Output pipelining | 12     |
| DPOP-4 | Warning  | MREG Output pipelining | 12     |
+--------+----------+------------------------+--------+

2. REPORT DETAILS
-----------------
DPIP-2#1 Warning
Input pipelining  
DSP BD_i/ChaosCoreTop_0/inst/chiptop/system/tile_prci_domain/element_reset_domain_ChaosCore_tile/core/backend/execution_engine/FUs_1/mul/mul_result_64_s_s input BD_i/ChaosCoreTop_0/inst/chiptop/system/tile_prci_domain/element_reset_domain_ChaosCore_tile/core/backend/execution_engine/FUs_1/mul/mul_result_64_s_s/A[29:0] is not pipelined. Pipelining DSP48 input will improve performance.
Related violations: <none>

DPIP-2#2 Warning
Input pipelining  
DSP BD_i/ChaosCoreTop_0/inst/chiptop/system/tile_prci_domain/element_reset_domain_ChaosCore_tile/core/backend/execution_engine/FUs_1/mul/mul_result_64_s_s input BD_i/ChaosCoreTop_0/inst/chiptop/system/tile_prci_domain/element_reset_domain_ChaosCore_tile/core/backend/execution_engine/FUs_1/mul/mul_result_64_s_s/B[17:0] is not pipelined. Pipelining DSP48 input will improve performance.
Related violations: <none>

DPIP-2#3 Warning
Input pipelining  
DSP BD_i/ChaosCoreTop_0/inst/chiptop/system/tile_prci_domain/element_reset_domain_ChaosCore_tile/core/backend/execution_engine/FUs_1/mul/mul_result_64_s_s__0 input BD_i/ChaosCoreTop_0/inst/chiptop/system/tile_prci_domain/element_reset_domain_ChaosCore_tile/core/backend/execution_engine/FUs_1/mul/mul_result_64_s_s__0/A[29:0] is not pipelined. Pipelining DSP48 input will improve performance.
Related violations: <none>

DPIP-2#4 Warning
Input pipelining  
DSP BD_i/ChaosCoreTop_0/inst/chiptop/system/tile_prci_domain/element_reset_domain_ChaosCore_tile/core/backend/execution_engine/FUs_1/mul/mul_result_64_s_s__0 input BD_i/ChaosCoreTop_0/inst/chiptop/system/tile_prci_domain/element_reset_domain_ChaosCore_tile/core/backend/execution_engine/FUs_1/mul/mul_result_64_s_s__0/B[17:0] is not pipelined. Pipelining DSP48 input will improve performance.
Related violations: <none>

DPIP-2#5 Warning
Input pipelining  
DSP BD_i/ChaosCoreTop_0/inst/chiptop/system/tile_prci_domain/element_reset_domain_ChaosCore_tile/core/backend/execution_engine/FUs_1/mul/mul_result_64_s_s__1 input BD_i/ChaosCoreTop_0/inst/chiptop/system/tile_prci_domain/element_reset_domain_ChaosCore_tile/core/backend/execution_engine/FUs_1/mul/mul_result_64_s_s__1/A[29:0] is not pipelined. Pipelining DSP48 input will improve performance.
Related violations: <none>

DPIP-2#6 Warning
Input pipelining  
DSP BD_i/ChaosCoreTop_0/inst/chiptop/system/tile_prci_domain/element_reset_domain_ChaosCore_tile/core/backend/execution_engine/FUs_1/mul/mul_result_64_s_s__1 input BD_i/ChaosCoreTop_0/inst/chiptop/system/tile_prci_domain/element_reset_domain_ChaosCore_tile/core/backend/execution_engine/FUs_1/mul/mul_result_64_s_s__1/B[17:0] is not pipelined. Pipelining DSP48 input will improve performance.
Related violations: <none>

DPIP-2#7 Warning
Input pipelining  
DSP BD_i/ChaosCoreTop_0/inst/chiptop/system/tile_prci_domain/element_reset_domain_ChaosCore_tile/core/backend/execution_engine/FUs_1/mul/mul_result_64_s_s__2 input BD_i/ChaosCoreTop_0/inst/chiptop/system/tile_prci_domain/element_reset_domain_ChaosCore_tile/core/backend/execution_engine/FUs_1/mul/mul_result_64_s_s__2/A[29:0] is not pipelined. Pipelining DSP48 input will improve performance.
Related violations: <none>

DPIP-2#8 Warning
Input pipelining  
DSP BD_i/ChaosCoreTop_0/inst/chiptop/system/tile_prci_domain/element_reset_domain_ChaosCore_tile/core/backend/execution_engine/FUs_1/mul/mul_result_64_s_s__2 input BD_i/ChaosCoreTop_0/inst/chiptop/system/tile_prci_domain/element_reset_domain_ChaosCore_tile/core/backend/execution_engine/FUs_1/mul/mul_result_64_s_s__2/B[17:0] is not pipelined. Pipelining DSP48 input will improve performance.
Related violations: <none>

DPIP-2#9 Warning
Input pipelining  
DSP BD_i/ChaosCoreTop_0/inst/chiptop/system/tile_prci_domain/element_reset_domain_ChaosCore_tile/core/backend/execution_engine/FUs_1/mul/mul_result_64_s_u input BD_i/ChaosCoreTop_0/inst/chiptop/system/tile_prci_domain/element_reset_domain_ChaosCore_tile/core/backend/execution_engine/FUs_1/mul/mul_result_64_s_u/A[29:0] is not pipelined. Pipelining DSP48 input will improve performance.
Related violations: <none>

DPIP-2#10 Warning
Input pipelining  
DSP BD_i/ChaosCoreTop_0/inst/chiptop/system/tile_prci_domain/element_reset_domain_ChaosCore_tile/core/backend/execution_engine/FUs_1/mul/mul_result_64_s_u input BD_i/ChaosCoreTop_0/inst/chiptop/system/tile_prci_domain/element_reset_domain_ChaosCore_tile/core/backend/execution_engine/FUs_1/mul/mul_result_64_s_u/B[17:0] is not pipelined. Pipelining DSP48 input will improve performance.
Related violations: <none>

DPIP-2#11 Warning
Input pipelining  
DSP BD_i/ChaosCoreTop_0/inst/chiptop/system/tile_prci_domain/element_reset_domain_ChaosCore_tile/core/backend/execution_engine/FUs_1/mul/mul_result_64_s_u__0 input BD_i/ChaosCoreTop_0/inst/chiptop/system/tile_prci_domain/element_reset_domain_ChaosCore_tile/core/backend/execution_engine/FUs_1/mul/mul_result_64_s_u__0/A[29:0] is not pipelined. Pipelining DSP48 input will improve performance.
Related violations: <none>

DPIP-2#12 Warning
Input pipelining  
DSP BD_i/ChaosCoreTop_0/inst/chiptop/system/tile_prci_domain/element_reset_domain_ChaosCore_tile/core/backend/execution_engine/FUs_1/mul/mul_result_64_s_u__0 input BD_i/ChaosCoreTop_0/inst/chiptop/system/tile_prci_domain/element_reset_domain_ChaosCore_tile/core/backend/execution_engine/FUs_1/mul/mul_result_64_s_u__0/B[17:0] is not pipelined. Pipelining DSP48 input will improve performance.
Related violations: <none>

DPIP-2#13 Warning
Input pipelining  
DSP BD_i/ChaosCoreTop_0/inst/chiptop/system/tile_prci_domain/element_reset_domain_ChaosCore_tile/core/backend/execution_engine/FUs_1/mul/mul_result_64_s_u__1 input BD_i/ChaosCoreTop_0/inst/chiptop/system/tile_prci_domain/element_reset_domain_ChaosCore_tile/core/backend/execution_engine/FUs_1/mul/mul_result_64_s_u__1/A[29:0] is not pipelined. Pipelining DSP48 input will improve performance.
Related violations: <none>

DPIP-2#14 Warning
Input pipelining  
DSP BD_i/ChaosCoreTop_0/inst/chiptop/system/tile_prci_domain/element_reset_domain_ChaosCore_tile/core/backend/execution_engine/FUs_1/mul/mul_result_64_s_u__1 input BD_i/ChaosCoreTop_0/inst/chiptop/system/tile_prci_domain/element_reset_domain_ChaosCore_tile/core/backend/execution_engine/FUs_1/mul/mul_result_64_s_u__1/B[17:0] is not pipelined. Pipelining DSP48 input will improve performance.
Related violations: <none>

DPIP-2#15 Warning
Input pipelining  
DSP BD_i/ChaosCoreTop_0/inst/chiptop/system/tile_prci_domain/element_reset_domain_ChaosCore_tile/core/backend/execution_engine/FUs_1/mul/mul_result_64_s_u__2 input BD_i/ChaosCoreTop_0/inst/chiptop/system/tile_prci_domain/element_reset_domain_ChaosCore_tile/core/backend/execution_engine/FUs_1/mul/mul_result_64_s_u__2/A[29:0] is not pipelined. Pipelining DSP48 input will improve performance.
Related violations: <none>

DPIP-2#16 Warning
Input pipelining  
DSP BD_i/ChaosCoreTop_0/inst/chiptop/system/tile_prci_domain/element_reset_domain_ChaosCore_tile/core/backend/execution_engine/FUs_1/mul/mul_result_64_s_u__2 input BD_i/ChaosCoreTop_0/inst/chiptop/system/tile_prci_domain/element_reset_domain_ChaosCore_tile/core/backend/execution_engine/FUs_1/mul/mul_result_64_s_u__2/B[17:0] is not pipelined. Pipelining DSP48 input will improve performance.
Related violations: <none>

DPIP-2#17 Warning
Input pipelining  
DSP BD_i/ChaosCoreTop_0/inst/chiptop/system/tile_prci_domain/element_reset_domain_ChaosCore_tile/core/backend/execution_engine/FUs_1/mul/mul_result_64_s_u__3 input BD_i/ChaosCoreTop_0/inst/chiptop/system/tile_prci_domain/element_reset_domain_ChaosCore_tile/core/backend/execution_engine/FUs_1/mul/mul_result_64_s_u__3/A[29:0] is not pipelined. Pipelining DSP48 input will improve performance.
Related violations: <none>

DPIP-2#18 Warning
Input pipelining  
DSP BD_i/ChaosCoreTop_0/inst/chiptop/system/tile_prci_domain/element_reset_domain_ChaosCore_tile/core/backend/execution_engine/FUs_1/mul/mul_result_64_s_u__3 input BD_i/ChaosCoreTop_0/inst/chiptop/system/tile_prci_domain/element_reset_domain_ChaosCore_tile/core/backend/execution_engine/FUs_1/mul/mul_result_64_s_u__3/B[17:0] is not pipelined. Pipelining DSP48 input will improve performance.
Related violations: <none>

DPIP-2#19 Warning
Input pipelining  
DSP BD_i/ChaosCoreTop_0/inst/chiptop/system/tile_prci_domain/element_reset_domain_ChaosCore_tile/core/backend/execution_engine/FUs_1/mul/mul_result_64_s_u__4 input BD_i/ChaosCoreTop_0/inst/chiptop/system/tile_prci_domain/element_reset_domain_ChaosCore_tile/core/backend/execution_engine/FUs_1/mul/mul_result_64_s_u__4/A[29:0] is not pipelined. Pipelining DSP48 input will improve performance.
Related violations: <none>

DPIP-2#20 Warning
Input pipelining  
DSP BD_i/ChaosCoreTop_0/inst/chiptop/system/tile_prci_domain/element_reset_domain_ChaosCore_tile/core/backend/execution_engine/FUs_1/mul/mul_result_64_s_u__4 input BD_i/ChaosCoreTop_0/inst/chiptop/system/tile_prci_domain/element_reset_domain_ChaosCore_tile/core/backend/execution_engine/FUs_1/mul/mul_result_64_s_u__4/B[17:0] is not pipelined. Pipelining DSP48 input will improve performance.
Related violations: <none>

DPIP-2#21 Warning
Input pipelining  
DSP BD_i/ChaosCoreTop_0/inst/chiptop/system/tile_prci_domain/element_reset_domain_ChaosCore_tile/core/backend/execution_engine/FUs_1/mul/mul_result_64_s_u__5 input BD_i/ChaosCoreTop_0/inst/chiptop/system/tile_prci_domain/element_reset_domain_ChaosCore_tile/core/backend/execution_engine/FUs_1/mul/mul_result_64_s_u__5/A[29:0] is not pipelined. Pipelining DSP48 input will improve performance.
Related violations: <none>

DPIP-2#22 Warning
Input pipelining  
DSP BD_i/ChaosCoreTop_0/inst/chiptop/system/tile_prci_domain/element_reset_domain_ChaosCore_tile/core/backend/execution_engine/FUs_1/mul/mul_result_64_s_u__5 input BD_i/ChaosCoreTop_0/inst/chiptop/system/tile_prci_domain/element_reset_domain_ChaosCore_tile/core/backend/execution_engine/FUs_1/mul/mul_result_64_s_u__5/B[17:0] is not pipelined. Pipelining DSP48 input will improve performance.
Related violations: <none>

DPIP-2#23 Warning
Input pipelining  
DSP BD_i/ChaosCoreTop_0/inst/chiptop/system/tile_prci_domain/element_reset_domain_ChaosCore_tile/core/backend/execution_engine/FUs_1/mul/mul_result_64_u_u input BD_i/ChaosCoreTop_0/inst/chiptop/system/tile_prci_domain/element_reset_domain_ChaosCore_tile/core/backend/execution_engine/FUs_1/mul/mul_result_64_u_u/A[29:0] is not pipelined. Pipelining DSP48 input will improve performance.
Related violations: <none>

DPIP-2#24 Warning
Input pipelining  
DSP BD_i/ChaosCoreTop_0/inst/chiptop/system/tile_prci_domain/element_reset_domain_ChaosCore_tile/core/backend/execution_engine/FUs_1/mul/mul_result_64_u_u input BD_i/ChaosCoreTop_0/inst/chiptop/system/tile_prci_domain/element_reset_domain_ChaosCore_tile/core/backend/execution_engine/FUs_1/mul/mul_result_64_u_u/B[17:0] is not pipelined. Pipelining DSP48 input will improve performance.
Related violations: <none>

DPIP-2#25 Warning
Input pipelining  
DSP BD_i/ChaosCoreTop_0/inst/chiptop/system/tile_prci_domain/element_reset_domain_ChaosCore_tile/core/backend/execution_engine/FUs_1/mul/mul_result_64_u_u__0 input BD_i/ChaosCoreTop_0/inst/chiptop/system/tile_prci_domain/element_reset_domain_ChaosCore_tile/core/backend/execution_engine/FUs_1/mul/mul_result_64_u_u__0/A[29:0] is not pipelined. Pipelining DSP48 input will improve performance.
Related violations: <none>

DPIP-2#26 Warning
Input pipelining  
DSP BD_i/ChaosCoreTop_0/inst/chiptop/system/tile_prci_domain/element_reset_domain_ChaosCore_tile/core/backend/execution_engine/FUs_1/mul/mul_result_64_u_u__0 input BD_i/ChaosCoreTop_0/inst/chiptop/system/tile_prci_domain/element_reset_domain_ChaosCore_tile/core/backend/execution_engine/FUs_1/mul/mul_result_64_u_u__0/B[17:0] is not pipelined. Pipelining DSP48 input will improve performance.
Related violations: <none>

DPIP-2#27 Warning
Input pipelining  
DSP BD_i/ChaosCoreTop_0/inst/chiptop/system/tile_prci_domain/element_reset_domain_ChaosCore_tile/core/backend/execution_engine/FUs_1/mul/mul_result_64_u_u__1 input BD_i/ChaosCoreTop_0/inst/chiptop/system/tile_prci_domain/element_reset_domain_ChaosCore_tile/core/backend/execution_engine/FUs_1/mul/mul_result_64_u_u__1/A[29:0] is not pipelined. Pipelining DSP48 input will improve performance.
Related violations: <none>

DPIP-2#28 Warning
Input pipelining  
DSP BD_i/ChaosCoreTop_0/inst/chiptop/system/tile_prci_domain/element_reset_domain_ChaosCore_tile/core/backend/execution_engine/FUs_1/mul/mul_result_64_u_u__1 input BD_i/ChaosCoreTop_0/inst/chiptop/system/tile_prci_domain/element_reset_domain_ChaosCore_tile/core/backend/execution_engine/FUs_1/mul/mul_result_64_u_u__1/B[17:0] is not pipelined. Pipelining DSP48 input will improve performance.
Related violations: <none>

DPIP-2#29 Warning
Input pipelining  
DSP BD_i/ChaosCoreTop_0/inst/chiptop/system/tile_prci_domain/element_reset_domain_ChaosCore_tile/core/backend/execution_engine/FUs_1/mul/mul_result_64_u_u__2 input BD_i/ChaosCoreTop_0/inst/chiptop/system/tile_prci_domain/element_reset_domain_ChaosCore_tile/core/backend/execution_engine/FUs_1/mul/mul_result_64_u_u__2/A[29:0] is not pipelined. Pipelining DSP48 input will improve performance.
Related violations: <none>

DPIP-2#30 Warning
Input pipelining  
DSP BD_i/ChaosCoreTop_0/inst/chiptop/system/tile_prci_domain/element_reset_domain_ChaosCore_tile/core/backend/execution_engine/FUs_1/mul/mul_result_64_u_u__2 input BD_i/ChaosCoreTop_0/inst/chiptop/system/tile_prci_domain/element_reset_domain_ChaosCore_tile/core/backend/execution_engine/FUs_1/mul/mul_result_64_u_u__2/B[17:0] is not pipelined. Pipelining DSP48 input will improve performance.
Related violations: <none>

DPOP-3#1 Warning
PREG Output pipelining  
DSP BD_i/ChaosCoreTop_0/inst/chiptop/system/tile_prci_domain/element_reset_domain_ChaosCore_tile/core/backend/execution_engine/FUs_1/mul/mul_result_64_s_s output BD_i/ChaosCoreTop_0/inst/chiptop/system/tile_prci_domain/element_reset_domain_ChaosCore_tile/core/backend/execution_engine/FUs_1/mul/mul_result_64_s_s/P[47:0] is not pipelined (PREG=0). Pipelining the DSP48 output will improve performance and often saves power so it is suggested whenever possible to fully pipeline this function.  If this DSP48 function was inferred, it is suggested to describe an additional register stage after this function.  If the DSP48 was instantiated in the design, it is suggested to set the PREG attribute to 1.
Related violations: <none>

DPOP-3#2 Warning
PREG Output pipelining  
DSP BD_i/ChaosCoreTop_0/inst/chiptop/system/tile_prci_domain/element_reset_domain_ChaosCore_tile/core/backend/execution_engine/FUs_1/mul/mul_result_64_s_s__0 output BD_i/ChaosCoreTop_0/inst/chiptop/system/tile_prci_domain/element_reset_domain_ChaosCore_tile/core/backend/execution_engine/FUs_1/mul/mul_result_64_s_s__0/P[47:0] is not pipelined (PREG=0). Pipelining the DSP48 output will improve performance and often saves power so it is suggested whenever possible to fully pipeline this function.  If this DSP48 function was inferred, it is suggested to describe an additional register stage after this function.  If the DSP48 was instantiated in the design, it is suggested to set the PREG attribute to 1.
Related violations: <none>

DPOP-3#3 Warning
PREG Output pipelining  
DSP BD_i/ChaosCoreTop_0/inst/chiptop/system/tile_prci_domain/element_reset_domain_ChaosCore_tile/core/backend/execution_engine/FUs_1/mul/mul_result_64_s_s__1 output BD_i/ChaosCoreTop_0/inst/chiptop/system/tile_prci_domain/element_reset_domain_ChaosCore_tile/core/backend/execution_engine/FUs_1/mul/mul_result_64_s_s__1/P[47:0] is not pipelined (PREG=0). Pipelining the DSP48 output will improve performance and often saves power so it is suggested whenever possible to fully pipeline this function.  If this DSP48 function was inferred, it is suggested to describe an additional register stage after this function.  If the DSP48 was instantiated in the design, it is suggested to set the PREG attribute to 1.
Related violations: <none>

DPOP-3#4 Warning
PREG Output pipelining  
DSP BD_i/ChaosCoreTop_0/inst/chiptop/system/tile_prci_domain/element_reset_domain_ChaosCore_tile/core/backend/execution_engine/FUs_1/mul/mul_result_64_s_s__2 output BD_i/ChaosCoreTop_0/inst/chiptop/system/tile_prci_domain/element_reset_domain_ChaosCore_tile/core/backend/execution_engine/FUs_1/mul/mul_result_64_s_s__2/P[47:0] is not pipelined (PREG=0). Pipelining the DSP48 output will improve performance and often saves power so it is suggested whenever possible to fully pipeline this function.  If this DSP48 function was inferred, it is suggested to describe an additional register stage after this function.  If the DSP48 was instantiated in the design, it is suggested to set the PREG attribute to 1.
Related violations: <none>

DPOP-3#5 Warning
PREG Output pipelining  
DSP BD_i/ChaosCoreTop_0/inst/chiptop/system/tile_prci_domain/element_reset_domain_ChaosCore_tile/core/backend/execution_engine/FUs_1/mul/mul_result_64_s_u output BD_i/ChaosCoreTop_0/inst/chiptop/system/tile_prci_domain/element_reset_domain_ChaosCore_tile/core/backend/execution_engine/FUs_1/mul/mul_result_64_s_u/P[47:0] is not pipelined (PREG=0). Pipelining the DSP48 output will improve performance and often saves power so it is suggested whenever possible to fully pipeline this function.  If this DSP48 function was inferred, it is suggested to describe an additional register stage after this function.  If the DSP48 was instantiated in the design, it is suggested to set the PREG attribute to 1.
Related violations: <none>

DPOP-3#6 Warning
PREG Output pipelining  
DSP BD_i/ChaosCoreTop_0/inst/chiptop/system/tile_prci_domain/element_reset_domain_ChaosCore_tile/core/backend/execution_engine/FUs_1/mul/mul_result_64_s_u__1 output BD_i/ChaosCoreTop_0/inst/chiptop/system/tile_prci_domain/element_reset_domain_ChaosCore_tile/core/backend/execution_engine/FUs_1/mul/mul_result_64_s_u__1/P[47:0] is not pipelined (PREG=0). Pipelining the DSP48 output will improve performance and often saves power so it is suggested whenever possible to fully pipeline this function.  If this DSP48 function was inferred, it is suggested to describe an additional register stage after this function.  If the DSP48 was instantiated in the design, it is suggested to set the PREG attribute to 1.
Related violations: <none>

DPOP-3#7 Warning
PREG Output pipelining  
DSP BD_i/ChaosCoreTop_0/inst/chiptop/system/tile_prci_domain/element_reset_domain_ChaosCore_tile/core/backend/execution_engine/FUs_1/mul/mul_result_64_s_u__2 output BD_i/ChaosCoreTop_0/inst/chiptop/system/tile_prci_domain/element_reset_domain_ChaosCore_tile/core/backend/execution_engine/FUs_1/mul/mul_result_64_s_u__2/P[47:0] is not pipelined (PREG=0). Pipelining the DSP48 output will improve performance and often saves power so it is suggested whenever possible to fully pipeline this function.  If this DSP48 function was inferred, it is suggested to describe an additional register stage after this function.  If the DSP48 was instantiated in the design, it is suggested to set the PREG attribute to 1.
Related violations: <none>

DPOP-3#8 Warning
PREG Output pipelining  
DSP BD_i/ChaosCoreTop_0/inst/chiptop/system/tile_prci_domain/element_reset_domain_ChaosCore_tile/core/backend/execution_engine/FUs_1/mul/mul_result_64_s_u__5 output BD_i/ChaosCoreTop_0/inst/chiptop/system/tile_prci_domain/element_reset_domain_ChaosCore_tile/core/backend/execution_engine/FUs_1/mul/mul_result_64_s_u__5/P[47:0] is not pipelined (PREG=0). Pipelining the DSP48 output will improve performance and often saves power so it is suggested whenever possible to fully pipeline this function.  If this DSP48 function was inferred, it is suggested to describe an additional register stage after this function.  If the DSP48 was instantiated in the design, it is suggested to set the PREG attribute to 1.
Related violations: <none>

DPOP-3#9 Warning
PREG Output pipelining  
DSP BD_i/ChaosCoreTop_0/inst/chiptop/system/tile_prci_domain/element_reset_domain_ChaosCore_tile/core/backend/execution_engine/FUs_1/mul/mul_result_64_u_u output BD_i/ChaosCoreTop_0/inst/chiptop/system/tile_prci_domain/element_reset_domain_ChaosCore_tile/core/backend/execution_engine/FUs_1/mul/mul_result_64_u_u/P[47:0] is not pipelined (PREG=0). Pipelining the DSP48 output will improve performance and often saves power so it is suggested whenever possible to fully pipeline this function.  If this DSP48 function was inferred, it is suggested to describe an additional register stage after this function.  If the DSP48 was instantiated in the design, it is suggested to set the PREG attribute to 1.
Related violations: <none>

DPOP-3#10 Warning
PREG Output pipelining  
DSP BD_i/ChaosCoreTop_0/inst/chiptop/system/tile_prci_domain/element_reset_domain_ChaosCore_tile/core/backend/execution_engine/FUs_1/mul/mul_result_64_u_u__0 output BD_i/ChaosCoreTop_0/inst/chiptop/system/tile_prci_domain/element_reset_domain_ChaosCore_tile/core/backend/execution_engine/FUs_1/mul/mul_result_64_u_u__0/P[47:0] is not pipelined (PREG=0). Pipelining the DSP48 output will improve performance and often saves power so it is suggested whenever possible to fully pipeline this function.  If this DSP48 function was inferred, it is suggested to describe an additional register stage after this function.  If the DSP48 was instantiated in the design, it is suggested to set the PREG attribute to 1.
Related violations: <none>

DPOP-3#11 Warning
PREG Output pipelining  
DSP BD_i/ChaosCoreTop_0/inst/chiptop/system/tile_prci_domain/element_reset_domain_ChaosCore_tile/core/backend/execution_engine/FUs_1/mul/mul_result_64_u_u__1 output BD_i/ChaosCoreTop_0/inst/chiptop/system/tile_prci_domain/element_reset_domain_ChaosCore_tile/core/backend/execution_engine/FUs_1/mul/mul_result_64_u_u__1/P[47:0] is not pipelined (PREG=0). Pipelining the DSP48 output will improve performance and often saves power so it is suggested whenever possible to fully pipeline this function.  If this DSP48 function was inferred, it is suggested to describe an additional register stage after this function.  If the DSP48 was instantiated in the design, it is suggested to set the PREG attribute to 1.
Related violations: <none>

DPOP-3#12 Warning
PREG Output pipelining  
DSP BD_i/ChaosCoreTop_0/inst/chiptop/system/tile_prci_domain/element_reset_domain_ChaosCore_tile/core/backend/execution_engine/FUs_1/mul/mul_result_64_u_u__2 output BD_i/ChaosCoreTop_0/inst/chiptop/system/tile_prci_domain/element_reset_domain_ChaosCore_tile/core/backend/execution_engine/FUs_1/mul/mul_result_64_u_u__2/P[47:0] is not pipelined (PREG=0). Pipelining the DSP48 output will improve performance and often saves power so it is suggested whenever possible to fully pipeline this function.  If this DSP48 function was inferred, it is suggested to describe an additional register stage after this function.  If the DSP48 was instantiated in the design, it is suggested to set the PREG attribute to 1.
Related violations: <none>

DPOP-4#1 Warning
MREG Output pipelining  
DSP BD_i/ChaosCoreTop_0/inst/chiptop/system/tile_prci_domain/element_reset_domain_ChaosCore_tile/core/backend/execution_engine/FUs_1/mul/mul_result_64_s_s multiplier stage BD_i/ChaosCoreTop_0/inst/chiptop/system/tile_prci_domain/element_reset_domain_ChaosCore_tile/core/backend/execution_engine/FUs_1/mul/mul_result_64_s_s/P[47:0] is not pipelined (MREG=0). Pipelining the multiplier function will improve performance and will save significant power so it is suggested whenever possible to fully pipeline this function.  If this multiplier was inferred, it is suggested to describe an additional register stage after this function.  If there is no registered adder/accumulator following the multiply function, two pipeline stages are suggested to allow both the MREG and PREG registers to be used.  If the DSP48 was instantiated in the design, it is suggested to set both the MREG and PREG attributes to 1 when performing multiply functions.
Related violations: <none>

DPOP-4#2 Warning
MREG Output pipelining  
DSP BD_i/ChaosCoreTop_0/inst/chiptop/system/tile_prci_domain/element_reset_domain_ChaosCore_tile/core/backend/execution_engine/FUs_1/mul/mul_result_64_s_s__0 multiplier stage BD_i/ChaosCoreTop_0/inst/chiptop/system/tile_prci_domain/element_reset_domain_ChaosCore_tile/core/backend/execution_engine/FUs_1/mul/mul_result_64_s_s__0/P[47:0] is not pipelined (MREG=0). Pipelining the multiplier function will improve performance and will save significant power so it is suggested whenever possible to fully pipeline this function.  If this multiplier was inferred, it is suggested to describe an additional register stage after this function.  If there is no registered adder/accumulator following the multiply function, two pipeline stages are suggested to allow both the MREG and PREG registers to be used.  If the DSP48 was instantiated in the design, it is suggested to set both the MREG and PREG attributes to 1 when performing multiply functions.
Related violations: <none>

DPOP-4#3 Warning
MREG Output pipelining  
DSP BD_i/ChaosCoreTop_0/inst/chiptop/system/tile_prci_domain/element_reset_domain_ChaosCore_tile/core/backend/execution_engine/FUs_1/mul/mul_result_64_s_s__1 multiplier stage BD_i/ChaosCoreTop_0/inst/chiptop/system/tile_prci_domain/element_reset_domain_ChaosCore_tile/core/backend/execution_engine/FUs_1/mul/mul_result_64_s_s__1/P[47:0] is not pipelined (MREG=0). Pipelining the multiplier function will improve performance and will save significant power so it is suggested whenever possible to fully pipeline this function.  If this multiplier was inferred, it is suggested to describe an additional register stage after this function.  If there is no registered adder/accumulator following the multiply function, two pipeline stages are suggested to allow both the MREG and PREG registers to be used.  If the DSP48 was instantiated in the design, it is suggested to set both the MREG and PREG attributes to 1 when performing multiply functions.
Related violations: <none>

DPOP-4#4 Warning
MREG Output pipelining  
DSP BD_i/ChaosCoreTop_0/inst/chiptop/system/tile_prci_domain/element_reset_domain_ChaosCore_tile/core/backend/execution_engine/FUs_1/mul/mul_result_64_s_s__2 multiplier stage BD_i/ChaosCoreTop_0/inst/chiptop/system/tile_prci_domain/element_reset_domain_ChaosCore_tile/core/backend/execution_engine/FUs_1/mul/mul_result_64_s_s__2/P[47:0] is not pipelined (MREG=0). Pipelining the multiplier function will improve performance and will save significant power so it is suggested whenever possible to fully pipeline this function.  If this multiplier was inferred, it is suggested to describe an additional register stage after this function.  If there is no registered adder/accumulator following the multiply function, two pipeline stages are suggested to allow both the MREG and PREG registers to be used.  If the DSP48 was instantiated in the design, it is suggested to set both the MREG and PREG attributes to 1 when performing multiply functions.
Related violations: <none>

DPOP-4#5 Warning
MREG Output pipelining  
DSP BD_i/ChaosCoreTop_0/inst/chiptop/system/tile_prci_domain/element_reset_domain_ChaosCore_tile/core/backend/execution_engine/FUs_1/mul/mul_result_64_s_u multiplier stage BD_i/ChaosCoreTop_0/inst/chiptop/system/tile_prci_domain/element_reset_domain_ChaosCore_tile/core/backend/execution_engine/FUs_1/mul/mul_result_64_s_u/P[47:0] is not pipelined (MREG=0). Pipelining the multiplier function will improve performance and will save significant power so it is suggested whenever possible to fully pipeline this function.  If this multiplier was inferred, it is suggested to describe an additional register stage after this function.  If there is no registered adder/accumulator following the multiply function, two pipeline stages are suggested to allow both the MREG and PREG registers to be used.  If the DSP48 was instantiated in the design, it is suggested to set both the MREG and PREG attributes to 1 when performing multiply functions.
Related violations: <none>

DPOP-4#6 Warning
MREG Output pipelining  
DSP BD_i/ChaosCoreTop_0/inst/chiptop/system/tile_prci_domain/element_reset_domain_ChaosCore_tile/core/backend/execution_engine/FUs_1/mul/mul_result_64_s_u__1 multiplier stage BD_i/ChaosCoreTop_0/inst/chiptop/system/tile_prci_domain/element_reset_domain_ChaosCore_tile/core/backend/execution_engine/FUs_1/mul/mul_result_64_s_u__1/P[47:0] is not pipelined (MREG=0). Pipelining the multiplier function will improve performance and will save significant power so it is suggested whenever possible to fully pipeline this function.  If this multiplier was inferred, it is suggested to describe an additional register stage after this function.  If there is no registered adder/accumulator following the multiply function, two pipeline stages are suggested to allow both the MREG and PREG registers to be used.  If the DSP48 was instantiated in the design, it is suggested to set both the MREG and PREG attributes to 1 when performing multiply functions.
Related violations: <none>

DPOP-4#7 Warning
MREG Output pipelining  
DSP BD_i/ChaosCoreTop_0/inst/chiptop/system/tile_prci_domain/element_reset_domain_ChaosCore_tile/core/backend/execution_engine/FUs_1/mul/mul_result_64_s_u__2 multiplier stage BD_i/ChaosCoreTop_0/inst/chiptop/system/tile_prci_domain/element_reset_domain_ChaosCore_tile/core/backend/execution_engine/FUs_1/mul/mul_result_64_s_u__2/P[47:0] is not pipelined (MREG=0). Pipelining the multiplier function will improve performance and will save significant power so it is suggested whenever possible to fully pipeline this function.  If this multiplier was inferred, it is suggested to describe an additional register stage after this function.  If there is no registered adder/accumulator following the multiply function, two pipeline stages are suggested to allow both the MREG and PREG registers to be used.  If the DSP48 was instantiated in the design, it is suggested to set both the MREG and PREG attributes to 1 when performing multiply functions.
Related violations: <none>

DPOP-4#8 Warning
MREG Output pipelining  
DSP BD_i/ChaosCoreTop_0/inst/chiptop/system/tile_prci_domain/element_reset_domain_ChaosCore_tile/core/backend/execution_engine/FUs_1/mul/mul_result_64_s_u__5 multiplier stage BD_i/ChaosCoreTop_0/inst/chiptop/system/tile_prci_domain/element_reset_domain_ChaosCore_tile/core/backend/execution_engine/FUs_1/mul/mul_result_64_s_u__5/P[47:0] is not pipelined (MREG=0). Pipelining the multiplier function will improve performance and will save significant power so it is suggested whenever possible to fully pipeline this function.  If this multiplier was inferred, it is suggested to describe an additional register stage after this function.  If there is no registered adder/accumulator following the multiply function, two pipeline stages are suggested to allow both the MREG and PREG registers to be used.  If the DSP48 was instantiated in the design, it is suggested to set both the MREG and PREG attributes to 1 when performing multiply functions.
Related violations: <none>

DPOP-4#9 Warning
MREG Output pipelining  
DSP BD_i/ChaosCoreTop_0/inst/chiptop/system/tile_prci_domain/element_reset_domain_ChaosCore_tile/core/backend/execution_engine/FUs_1/mul/mul_result_64_u_u multiplier stage BD_i/ChaosCoreTop_0/inst/chiptop/system/tile_prci_domain/element_reset_domain_ChaosCore_tile/core/backend/execution_engine/FUs_1/mul/mul_result_64_u_u/P[47:0] is not pipelined (MREG=0). Pipelining the multiplier function will improve performance and will save significant power so it is suggested whenever possible to fully pipeline this function.  If this multiplier was inferred, it is suggested to describe an additional register stage after this function.  If there is no registered adder/accumulator following the multiply function, two pipeline stages are suggested to allow both the MREG and PREG registers to be used.  If the DSP48 was instantiated in the design, it is suggested to set both the MREG and PREG attributes to 1 when performing multiply functions.
Related violations: <none>

DPOP-4#10 Warning
MREG Output pipelining  
DSP BD_i/ChaosCoreTop_0/inst/chiptop/system/tile_prci_domain/element_reset_domain_ChaosCore_tile/core/backend/execution_engine/FUs_1/mul/mul_result_64_u_u__0 multiplier stage BD_i/ChaosCoreTop_0/inst/chiptop/system/tile_prci_domain/element_reset_domain_ChaosCore_tile/core/backend/execution_engine/FUs_1/mul/mul_result_64_u_u__0/P[47:0] is not pipelined (MREG=0). Pipelining the multiplier function will improve performance and will save significant power so it is suggested whenever possible to fully pipeline this function.  If this multiplier was inferred, it is suggested to describe an additional register stage after this function.  If there is no registered adder/accumulator following the multiply function, two pipeline stages are suggested to allow both the MREG and PREG registers to be used.  If the DSP48 was instantiated in the design, it is suggested to set both the MREG and PREG attributes to 1 when performing multiply functions.
Related violations: <none>

DPOP-4#11 Warning
MREG Output pipelining  
DSP BD_i/ChaosCoreTop_0/inst/chiptop/system/tile_prci_domain/element_reset_domain_ChaosCore_tile/core/backend/execution_engine/FUs_1/mul/mul_result_64_u_u__1 multiplier stage BD_i/ChaosCoreTop_0/inst/chiptop/system/tile_prci_domain/element_reset_domain_ChaosCore_tile/core/backend/execution_engine/FUs_1/mul/mul_result_64_u_u__1/P[47:0] is not pipelined (MREG=0). Pipelining the multiplier function will improve performance and will save significant power so it is suggested whenever possible to fully pipeline this function.  If this multiplier was inferred, it is suggested to describe an additional register stage after this function.  If there is no registered adder/accumulator following the multiply function, two pipeline stages are suggested to allow both the MREG and PREG registers to be used.  If the DSP48 was instantiated in the design, it is suggested to set both the MREG and PREG attributes to 1 when performing multiply functions.
Related violations: <none>

DPOP-4#12 Warning
MREG Output pipelining  
DSP BD_i/ChaosCoreTop_0/inst/chiptop/system/tile_prci_domain/element_reset_domain_ChaosCore_tile/core/backend/execution_engine/FUs_1/mul/mul_result_64_u_u__2 multiplier stage BD_i/ChaosCoreTop_0/inst/chiptop/system/tile_prci_domain/element_reset_domain_ChaosCore_tile/core/backend/execution_engine/FUs_1/mul/mul_result_64_u_u__2/P[47:0] is not pipelined (MREG=0). Pipelining the multiplier function will improve performance and will save significant power so it is suggested whenever possible to fully pipeline this function.  If this multiplier was inferred, it is suggested to describe an additional register stage after this function.  If there is no registered adder/accumulator following the multiply function, two pipeline stages are suggested to allow both the MREG and PREG registers to be used.  If the DSP48 was instantiated in the design, it is suggested to set both the MREG and PREG attributes to 1 when performing multiply functions.
Related violations: <none>


