#-----------------------------------------------------------
# Vivado v2024.2 (64-bit)
# SW Build 5239630 on Fri Nov 08 22:34:34 MST 2024
# IP Build 5239520 on Sun Nov 10 16:12:51 MST 2024
# SharedData Build 5239561 on Fri Nov 08 14:39:27 MST 2024
# Start of session at: Thu Mar  6 19:29:33 2025
# Process ID         : 34806
# Current directory  : /mnt/Storage/SCHOOL/Capstone/bringup/ChaosCore-FPGA/RV32RocketFPGAConfig
# Command line       : vivado -mode batch -source build.tcl -nojournal
# Log file           : /mnt/Storage/SCHOOL/Capstone/bringup/ChaosCore-FPGA/RV32RocketFPGAConfig/vivado.log
# Journal file       : 
# Running On         : Desktop-Home
# Platform           : Linuxmint
# Operating System   : Linux Mint 22
# Processor Detail   : AMD Ryzen 7 5800X 8-Core Processor
# CPU Frequency      : 3849.578 MHz
# CPU Physical cores : 8
# CPU Logical cores  : 16
# Host memory        : 16657 MB
# Swap memory        : 17179 MB
# Total Virtual      : 33837 MB
# Available Virtual  : 28696 MB
#-----------------------------------------------------------
source build.tcl
# set top_module "RV32RocketCoreTop"
# set project_name "RV32Rocket"
# set project_dir "./RV32Rocket"
# set project_file "$project_dir/$project_name.xpr"
# if {![file exists $project_file]} {
#   puts "Project does not exist. Creating new project..."
#   create_project $project_name $project_dir
# } else {
#   puts "Project already exists. Opening existing project..."
#   open_project $project_file
# }
Project already exists. Opening existing project...
INFO: [filemgmt 56-3] Default IP Output Path : Could not find the directory '/mnt/Storage/SCHOOL/Capstone/bringup/ChaosCore-FPGA/RV32RocketFPGAConfig/RV32Rocket/RV32Rocket.gen/sources_1'.
WARNING: [filemgmt 56-3] IPUserFilesDir: Could not find the directory '/mnt/Storage/SCHOOL/Capstone/bringup/ChaosCore-FPGA/RV32RocketFPGAConfig/RV32Rocket/RV32Rocket.ip_user_files'.
CRITICAL WARNING: [Project 1-19] Could not find the file '/mnt/Storage/SCHOOL/Capstone/ChaosCore-chipyard/sims/verilator/generated-src/chipyard.harness.TestHarness.RV32RocketFPGAConfig/gen-collateral/FrontBus.sv'.
CRITICAL WARNING: [Project 1-19] Could not find the file '/mnt/Storage/SCHOOL/Capstone/ChaosCore-chipyard/sims/verilator/generated-src/chipyard.harness.TestHarness.RV32RocketFPGAConfig/gen-collateral/Queue12_TLBundleC_a32d64s3k3z3c.sv'.
CRITICAL WARNING: [Project 1-19] Could not find the file '/mnt/Storage/SCHOOL/Capstone/ChaosCore-chipyard/sims/verilator/generated-src/chipyard.harness.TestHarness.RV32RocketFPGAConfig/gen-collateral/Queue1_BundleMap_24.sv'.
CRITICAL WARNING: [Project 1-19] Could not find the file '/mnt/Storage/SCHOOL/Capstone/ChaosCore-chipyard/sims/verilator/generated-src/chipyard.harness.TestHarness.RV32RocketFPGAConfig/gen-collateral/Queue1_TLBundleA_a14d64s7k1z4u.sv'.
CRITICAL WARNING: [Project 1-19] Could not find the file '/mnt/Storage/SCHOOL/Capstone/ChaosCore-chipyard/sims/verilator/generated-src/chipyard.harness.TestHarness.RV32RocketFPGAConfig/gen-collateral/Queue1_TLBundleA_a26d64s11k1z2u.sv'.
CRITICAL WARNING: [Project 1-19] Could not find the file '/mnt/Storage/SCHOOL/Capstone/ChaosCore-chipyard/sims/verilator/generated-src/chipyard.harness.TestHarness.RV32RocketFPGAConfig/gen-collateral/Queue1_TLBundleA_a32d64s6k3z3c.sv'.
CRITICAL WARNING: [Project 1-19] Could not find the file '/mnt/Storage/SCHOOL/Capstone/ChaosCore-chipyard/sims/verilator/generated-src/chipyard.harness.TestHarness.RV32RocketFPGAConfig/gen-collateral/Queue1_TLBundleD_a26d64s11k1z2u.sv'.
CRITICAL WARNING: [Project 1-19] Could not find the file '/mnt/Storage/SCHOOL/Capstone/ChaosCore-chipyard/sims/verilator/generated-src/chipyard.harness.TestHarness.RV32RocketFPGAConfig/gen-collateral/Queue1_TLBundleD_a32d64s6k3z3c.sv'.
CRITICAL WARNING: [Project 1-19] Could not find the file '/mnt/Storage/SCHOOL/Capstone/ChaosCore-chipyard/sims/verilator/generated-src/chipyard.harness.TestHarness.RV32RocketFPGAConfig/gen-collateral/Queue2_TLBundleA_a14d64s7k1z4u.sv'.
CRITICAL WARNING: [Project 1-19] Could not find the file '/mnt/Storage/SCHOOL/Capstone/ChaosCore-chipyard/sims/verilator/generated-src/chipyard.harness.TestHarness.RV32RocketFPGAConfig/gen-collateral/Queue2_TLBundleA_a21d64s7k1z3u.sv'.
CRITICAL WARNING: [Project 1-19] Could not find the file '/mnt/Storage/SCHOOL/Capstone/ChaosCore-chipyard/sims/verilator/generated-src/chipyard.harness.TestHarness.RV32RocketFPGAConfig/gen-collateral/Queue2_TLBundleA_a29d64s7k1z3u.sv'.
CRITICAL WARNING: [Project 1-19] Could not find the file '/mnt/Storage/SCHOOL/Capstone/ChaosCore-chipyard/sims/verilator/generated-src/chipyard.harness.TestHarness.RV32RocketFPGAConfig/gen-collateral/Queue2_TLBundleA_a29d64s7k1z4u.sv'.
CRITICAL WARNING: [Project 1-19] Could not find the file '/mnt/Storage/SCHOOL/Capstone/ChaosCore-chipyard/sims/verilator/generated-src/chipyard.harness.TestHarness.RV32RocketFPGAConfig/gen-collateral/Queue2_TLBundleA_a32d64s2k3z4c.sv'.
CRITICAL WARNING: [Project 1-19] Could not find the file '/mnt/Storage/SCHOOL/Capstone/ChaosCore-chipyard/sims/verilator/generated-src/chipyard.harness.TestHarness.RV32RocketFPGAConfig/gen-collateral/Queue2_TLBundleA_a32d64s3k3z3c.sv'.
CRITICAL WARNING: [Project 1-19] Could not find the file '/mnt/Storage/SCHOOL/Capstone/ChaosCore-chipyard/sims/verilator/generated-src/chipyard.harness.TestHarness.RV32RocketFPGAConfig/gen-collateral/Queue2_TLBundleA_a32d64s4k3z4u.sv'.
CRITICAL WARNING: [Project 1-19] Could not find the file '/mnt/Storage/SCHOOL/Capstone/ChaosCore-chipyard/sims/verilator/generated-src/chipyard.harness.TestHarness.RV32RocketFPGAConfig/gen-collateral/Queue2_TLBundleA_a32d64s5k3z4u.sv'.
CRITICAL WARNING: [Project 1-19] Could not find the file '/mnt/Storage/SCHOOL/Capstone/ChaosCore-chipyard/sims/verilator/generated-src/chipyard.harness.TestHarness.RV32RocketFPGAConfig/gen-collateral/Queue2_TLBundleB_a32d64s2k3z4c.sv'.
CRITICAL WARNING: [Project 1-19] Could not find the file '/mnt/Storage/SCHOOL/Capstone/ChaosCore-chipyard/sims/verilator/generated-src/chipyard.harness.TestHarness.RV32RocketFPGAConfig/gen-collateral/Queue2_TLBundleC_a32d64s2k3z4c.sv'.
CRITICAL WARNING: [Project 1-19] Could not find the file '/mnt/Storage/SCHOOL/Capstone/ChaosCore-chipyard/sims/verilator/generated-src/chipyard.harness.TestHarness.RV32RocketFPGAConfig/gen-collateral/Queue2_TLBundleC_a32d64s6k3z3c.sv'.
CRITICAL WARNING: [Project 1-19] Could not find the file '/mnt/Storage/SCHOOL/Capstone/ChaosCore-chipyard/sims/verilator/generated-src/chipyard.harness.TestHarness.RV32RocketFPGAConfig/gen-collateral/Queue2_TLBundleD_a14d64s7k1z4u.sv'.
CRITICAL WARNING: [Project 1-19] Could not find the file '/mnt/Storage/SCHOOL/Capstone/ChaosCore-chipyard/sims/verilator/generated-src/chipyard.harness.TestHarness.RV32RocketFPGAConfig/gen-collateral/Queue2_TLBundleD_a21d64s7k1z3u.sv'.
CRITICAL WARNING: [Project 1-19] Could not find the file '/mnt/Storage/SCHOOL/Capstone/ChaosCore-chipyard/sims/verilator/generated-src/chipyard.harness.TestHarness.RV32RocketFPGAConfig/gen-collateral/Queue2_TLBundleD_a29d64s7k1z3u.sv'.
CRITICAL WARNING: [Project 1-19] Could not find the file '/mnt/Storage/SCHOOL/Capstone/ChaosCore-chipyard/sims/verilator/generated-src/chipyard.harness.TestHarness.RV32RocketFPGAConfig/gen-collateral/Queue2_TLBundleD_a29d64s7k1z4u.sv'.
CRITICAL WARNING: [Project 1-19] Could not find the file '/mnt/Storage/SCHOOL/Capstone/ChaosCore-chipyard/sims/verilator/generated-src/chipyard.harness.TestHarness.RV32RocketFPGAConfig/gen-collateral/Queue2_TLBundleD_a32d64s2k3z4c.sv'.
CRITICAL WARNING: [Project 1-19] Could not find the file '/mnt/Storage/SCHOOL/Capstone/ChaosCore-chipyard/sims/verilator/generated-src/chipyard.harness.TestHarness.RV32RocketFPGAConfig/gen-collateral/Queue2_TLBundleD_a32d64s3k3z3c.sv'.
CRITICAL WARNING: [Project 1-19] Could not find the file '/mnt/Storage/SCHOOL/Capstone/ChaosCore-chipyard/sims/verilator/generated-src/chipyard.harness.TestHarness.RV32RocketFPGAConfig/gen-collateral/Queue2_TLBundleD_a32d64s4k3z4u.sv'.
CRITICAL WARNING: [Project 1-19] Could not find the file '/mnt/Storage/SCHOOL/Capstone/ChaosCore-chipyard/sims/verilator/generated-src/chipyard.harness.TestHarness.RV32RocketFPGAConfig/gen-collateral/Queue2_TLBundleD_a32d64s5k3z4u.sv'.
CRITICAL WARNING: [Project 1-19] Could not find the file '/mnt/Storage/SCHOOL/Capstone/ChaosCore-chipyard/sims/verilator/generated-src/chipyard.harness.TestHarness.RV32RocketFPGAConfig/gen-collateral/Queue2_TLBundleE_a32d64s2k3z4c.sv'.
CRITICAL WARNING: [Project 1-19] Could not find the file '/mnt/Storage/SCHOOL/Capstone/ChaosCore-chipyard/sims/verilator/generated-src/chipyard.harness.TestHarness.RV32RocketFPGAConfig/gen-collateral/Queue2_TLBundleE_a32d64s3k3z3c.sv'.
CRITICAL WARNING: [Project 1-19] Could not find the file '/mnt/Storage/SCHOOL/Capstone/ChaosCore-chipyard/sims/verilator/generated-src/chipyard.harness.TestHarness.RV32RocketFPGAConfig/gen-collateral/Repeater_TLBundleA_a13d64s7k1z3u.sv'.
CRITICAL WARNING: [Project 1-19] Could not find the file '/mnt/Storage/SCHOOL/Capstone/ChaosCore-chipyard/sims/verilator/generated-src/chipyard.harness.TestHarness.RV32RocketFPGAConfig/gen-collateral/Repeater_TLBundleA_a17d64s7k1z3u.sv'.
CRITICAL WARNING: [Project 1-19] Could not find the file '/mnt/Storage/SCHOOL/Capstone/ChaosCore-chipyard/sims/verilator/generated-src/chipyard.harness.TestHarness.RV32RocketFPGAConfig/gen-collateral/Repeater_TLBundleA_a21d64s7k1z3u.sv'.
CRITICAL WARNING: [Project 1-19] Could not find the file '/mnt/Storage/SCHOOL/Capstone/ChaosCore-chipyard/sims/verilator/generated-src/chipyard.harness.TestHarness.RV32RocketFPGAConfig/gen-collateral/Repeater_TLBundleA_a26d64s7k1z3u.sv'.
CRITICAL WARNING: [Project 1-19] Could not find the file '/mnt/Storage/SCHOOL/Capstone/ChaosCore-chipyard/sims/verilator/generated-src/chipyard.harness.TestHarness.RV32RocketFPGAConfig/gen-collateral/Repeater_TLBundleA_a28d64s7k1z3u.sv'.
CRITICAL WARNING: [Project 1-19] Could not find the file '/mnt/Storage/SCHOOL/Capstone/ChaosCore-chipyard/sims/verilator/generated-src/chipyard.harness.TestHarness.RV32RocketFPGAConfig/gen-collateral/Repeater_TLBundleA_a29d64s7k1z3u.sv'.
CRITICAL WARNING: [Project 1-19] Could not find the file '/mnt/Storage/SCHOOL/Capstone/ChaosCore-chipyard/sims/verilator/generated-src/chipyard.harness.TestHarness.RV32RocketFPGAConfig/gen-collateral/SerialWidthAdapter.sv'.
CRITICAL WARNING: [Project 1-19] Could not find the file '/mnt/Storage/SCHOOL/Capstone/ChaosCore-chipyard/sims/verilator/generated-src/chipyard.harness.TestHarness.RV32RocketFPGAConfig/gen-collateral/SerialWidthAggregator.sv'.
CRITICAL WARNING: [Project 1-19] Could not find the file '/mnt/Storage/SCHOOL/Capstone/ChaosCore-chipyard/sims/verilator/generated-src/chipyard.harness.TestHarness.RV32RocketFPGAConfig/gen-collateral/SerialWidthSlicer.sv'.
CRITICAL WARNING: [Project 1-19] Could not find the file '/mnt/Storage/SCHOOL/Capstone/ChaosCore-chipyard/sims/verilator/generated-src/chipyard.harness.TestHarness.RV32RocketFPGAConfig/gen-collateral/TLBuffer_a14d64s7k1z4u.sv'.
CRITICAL WARNING: [Project 1-19] Could not find the file '/mnt/Storage/SCHOOL/Capstone/ChaosCore-chipyard/sims/verilator/generated-src/chipyard.harness.TestHarness.RV32RocketFPGAConfig/gen-collateral/TLBuffer_a21d64s7k1z3u.sv'.
CRITICAL WARNING: [Project 1-19] Could not find the file '/mnt/Storage/SCHOOL/Capstone/ChaosCore-chipyard/sims/verilator/generated-src/chipyard.harness.TestHarness.RV32RocketFPGAConfig/gen-collateral/TLBuffer_a26d64s11k1z2u.sv'.
CRITICAL WARNING: [Project 1-19] Could not find the file '/mnt/Storage/SCHOOL/Capstone/ChaosCore-chipyard/sims/verilator/generated-src/chipyard.harness.TestHarness.RV32RocketFPGAConfig/gen-collateral/TLBuffer_a29d64s7k1z3u.sv'.
CRITICAL WARNING: [Project 1-19] Could not find the file '/mnt/Storage/SCHOOL/Capstone/ChaosCore-chipyard/sims/verilator/generated-src/chipyard.harness.TestHarness.RV32RocketFPGAConfig/gen-collateral/TLBuffer_a29d64s7k1z3u_1.sv'.
CRITICAL WARNING: [Project 1-19] Could not find the file '/mnt/Storage/SCHOOL/Capstone/ChaosCore-chipyard/sims/verilator/generated-src/chipyard.harness.TestHarness.RV32RocketFPGAConfig/gen-collateral/TLBuffer_a29d64s7k1z4u.sv'.
CRITICAL WARNING: [Project 1-19] Could not find the file '/mnt/Storage/SCHOOL/Capstone/ChaosCore-chipyard/sims/verilator/generated-src/chipyard.harness.TestHarness.RV32RocketFPGAConfig/gen-collateral/TLBuffer_a32d64s2k3z4c_1.sv'.
CRITICAL WARNING: [Project 1-19] Could not find the file '/mnt/Storage/SCHOOL/Capstone/ChaosCore-chipyard/sims/verilator/generated-src/chipyard.harness.TestHarness.RV32RocketFPGAConfig/gen-collateral/TLBuffer_a32d64s4k3z4u.sv'.
CRITICAL WARNING: [Project 1-19] Could not find the file '/mnt/Storage/SCHOOL/Capstone/ChaosCore-chipyard/sims/verilator/generated-src/chipyard.harness.TestHarness.RV32RocketFPGAConfig/gen-collateral/TLBuffer_a32d64s5k3z4u.sv'.
CRITICAL WARNING: [Project 1-19] Could not find the file '/mnt/Storage/SCHOOL/Capstone/ChaosCore-chipyard/sims/verilator/generated-src/chipyard.harness.TestHarness.RV32RocketFPGAConfig/gen-collateral/TLBuffer_a32d64s6k3z3c.sv'.
CRITICAL WARNING: [Project 1-19] Could not find the file '/mnt/Storage/SCHOOL/Capstone/ChaosCore-chipyard/sims/verilator/generated-src/chipyard.harness.TestHarness.RV32RocketFPGAConfig/gen-collateral/TLXbar_MasterXbar_RocketTile_i2_o1_a32d64s2k3z4c.sv'.
CRITICAL WARNING: [Project 1-19] Could not find the file '/mnt/Storage/SCHOOL/Capstone/ChaosCore-chipyard/sims/verilator/generated-src/chipyard.harness.TestHarness.RV32RocketFPGAConfig/gen-collateral/TLXbar_cbus_in_i2_o1_a29d64s7k1z4u.sv'.
CRITICAL WARNING: [Project 1-19] Could not find the file '/mnt/Storage/SCHOOL/Capstone/ChaosCore-chipyard/sims/verilator/generated-src/chipyard.harness.TestHarness.RV32RocketFPGAConfig/gen-collateral/TLXbar_cbus_out_i1_o7_a29d64s7k1z4u.sv'.
CRITICAL WARNING: [Project 1-19] Could not find the file '/mnt/Storage/SCHOOL/Capstone/ChaosCore-chipyard/sims/verilator/generated-src/chipyard.harness.TestHarness.RV32RocketFPGAConfig/gen-collateral/TLXbar_fbus_i2_o1_a32d64s5k3z4u.sv'.
CRITICAL WARNING: [Project 1-19] Could not find the file '/mnt/Storage/SCHOOL/Capstone/ChaosCore-chipyard/sims/verilator/generated-src/chipyard.harness.TestHarness.RV32RocketFPGAConfig/gen-collateral/TLXbar_mbus_i1_o2_a32d64s4k1z3u.sv'.
CRITICAL WARNING: [Project 1-19] Could not find the file '/mnt/Storage/SCHOOL/Capstone/ChaosCore-chipyard/sims/verilator/generated-src/chipyard.harness.TestHarness.RV32RocketFPGAConfig/gen-collateral/TLXbar_pbus_out_i1_o2_a29d64s7k1z3u.sv'.
CRITICAL WARNING: [Project 1-19] Could not find the file '/mnt/Storage/SCHOOL/Capstone/ChaosCore-chipyard/sims/verilator/generated-src/chipyard.harness.TestHarness.RV32RocketFPGAConfig/gen-collateral/TLXbar_prcibus_i1_o2_a21d64s7k1z3u.sv'.
CRITICAL WARNING: [Project 1-19] Could not find the file '/mnt/Storage/SCHOOL/Capstone/ChaosCore-chipyard/sims/verilator/generated-src/chipyard.harness.TestHarness.RV32RocketFPGAConfig/gen-collateral/TLXbar_sbus_i2_o3_a32d64s6k3z4c.sv'.
CRITICAL WARNING: [Project 1-19] Could not find the file '/mnt/Storage/SCHOOL/Capstone/ChaosCore-chipyard/sims/verilator/generated-src/chipyard.harness.TestHarness.RV32RocketFPGAConfig/gen-collateral/UARTToSerial.sv'.
CRITICAL WARNING: [Project 1-19] Could not find the file '/mnt/Storage/SCHOOL/Capstone/ChaosCore-chipyard/sims/verilator/generated-src/chipyard.harness.TestHarness.RV32RocketFPGAConfig/gen-collateral/data_33x44.sv'.
CRITICAL WARNING: [Project 1-19] Could not find the file '/mnt/Storage/SCHOOL/Capstone/ChaosCore-chipyard/sims/verilator/generated-src/chipyard.harness.TestHarness.RV32RocketFPGAConfig/gen-collateral/ram_12x109.sv'.
CRITICAL WARNING: [Project 1-19] Could not find the file '/mnt/Storage/SCHOOL/Capstone/ChaosCore-chipyard/sims/verilator/generated-src/chipyard.harness.TestHarness.RV32RocketFPGAConfig/gen-collateral/ram_2x104.sv'.
CRITICAL WARNING: [Project 1-19] Could not find the file '/mnt/Storage/SCHOOL/Capstone/ChaosCore-chipyard/sims/verilator/generated-src/chipyard.harness.TestHarness.RV32RocketFPGAConfig/gen-collateral/ram_2x11.sv'.
CRITICAL WARNING: [Project 1-19] Could not find the file '/mnt/Storage/SCHOOL/Capstone/ChaosCore-chipyard/sims/verilator/generated-src/chipyard.harness.TestHarness.RV32RocketFPGAConfig/gen-collateral/ram_2x112.sv'.
CRITICAL WARNING: [Project 1-19] Could not find the file '/mnt/Storage/SCHOOL/Capstone/ChaosCore-chipyard/sims/verilator/generated-src/chipyard.harness.TestHarness.RV32RocketFPGAConfig/gen-collateral/ram_2x119.sv'.
CRITICAL WARNING: [Project 1-19] Could not find the file '/mnt/Storage/SCHOOL/Capstone/ChaosCore-chipyard/sims/verilator/generated-src/chipyard.harness.TestHarness.RV32RocketFPGAConfig/gen-collateral/ram_2x120.sv'.
CRITICAL WARNING: [Project 1-19] Could not find the file '/mnt/Storage/SCHOOL/Capstone/ChaosCore-chipyard/sims/verilator/generated-src/chipyard.harness.TestHarness.RV32RocketFPGAConfig/gen-collateral/ram_2x52.sv'.
CRITICAL WARNING: [Project 1-19] Could not find the file '/mnt/Storage/SCHOOL/Capstone/ChaosCore-chipyard/sims/verilator/generated-src/chipyard.harness.TestHarness.RV32RocketFPGAConfig/gen-collateral/ram_2x83.sv'.
CRITICAL WARNING: [Project 1-19] Could not find the file '/mnt/Storage/SCHOOL/Capstone/ChaosCore-chipyard/sims/verilator/generated-src/chipyard.harness.TestHarness.RV32RocketFPGAConfig/gen-collateral/ram_8x82.sv'.
CRITICAL WARNING: [Project 1-19] Could not find the file '/mnt/Storage/SCHOOL/Capstone/ChaosCore-chipyard/sims/verilator/generated-src/chipyard.harness.TestHarness.RV32RocketFPGAConfig/gen-collateral/RV32RocketCoreTop.v'.
CRITICAL WARNING: [Project 1-19] Could not find the file '/mnt/Storage/SCHOOL/Capstone/ChaosCore-chipyard/sims/verilator/generated-src/chipyard.harness.TestHarness.RV32RocketFPGAConfig/gen-collateral/UARTAdapter_1.sv'.
Scanning sources...
Finished scanning sources
WARNING: [Project 1-509] GeneratedRun file for 'synth_1' not found
WARNING: [Project 1-509] GeneratedRun file for 'BD_zynq_ultra_ps_e_0_0_synth_1' not found
WARNING: [Project 1-509] GeneratedRun file for 'BD_axi_gpio_0_0_synth_1' not found
WARNING: [Project 1-509] GeneratedRun file for 'BD_rst_ps8_0_100M_0_synth_1' not found
WARNING: [Project 1-509] GeneratedRun file for 'BD_ctrl0_0_0_synth_1' not found
WARNING: [Project 1-509] GeneratedRun file for 'BD_axi_smc_0_synth_1' not found
WARNING: [Project 1-509] GeneratedRun file for 'BD_blink_0_0_synth_1' not found
WARNING: [Project 1-509] GeneratedRun file for 'impl_1' not found
INFO: [IP_Flow 19-234] Refreshing IP repositories
INFO: [IP_Flow 19-1704] No user IP repositories specified
INFO: [IP_Flow 19-2313] Loaded Vivado IP repository '/tools/Xilinx/Vivado/2024.2/data/ip'.
INFO: [Ipptcl 7-1463] No Compatible Board Interface found. Board Tab not created in customize GUI
INFO: [PSU-1]  DP_AUDIO clock source: RPLL is also being used by other peripheral clocks. Their outputs may get impacted if any driver changes DP_AUDIO PLL source to support runtime audio change 
INFO: [PSU-0] Address Range of DDR (0x7ff00000 to 0x7fffffff) is reserved by PMU for internal purpose.
INFO: [PSU-1]  DP_AUDIO clock source: RPLL is also being used by other peripheral clocks. Their outputs may get impacted if any driver changes DP_AUDIO PLL source to support runtime audio change 
open_project: Time (s): cpu = 00:00:07 ; elapsed = 00:00:08 . Memory (MB): peak = 1549.605 ; gain = 172.004 ; free physical = 2510 ; free virtual = 26952
# set_property board_part avnet-tria:ultra96v2:part0:1.3 [current_project]
# set lib_dir [file normalize "/mnt/Storage/SCHOOL/Capstone/ChaosCore-chipyard/sims/verilator/generated-src/chipyard.harness.TestHarness.RV32RocketFPGAConfig/gen-collateral"]
# set constraints_dir [file normalize "./constraints"]
# set fp [open "$lib_dir/../chipyard.harness.TestHarness.RV32RocketFPGAConfig.all.f" r]
# while {[gets $fp line] >= 0} {
#    read_verilog -sv "$line"
# }
WARNING: [filemgmt 56-12] File '/mnt/Storage/SCHOOL/Capstone/ChaosCore-chipyard/sims/verilator/generated-src/chipyard.harness.TestHarness.RV32RocketFPGAConfig/gen-collateral/AMOALU.sv' cannot be added to the project because it already exists in the project, skipping this file
WARNING: [filemgmt 56-12] File '/mnt/Storage/SCHOOL/Capstone/ChaosCore-chipyard/sims/verilator/generated-src/chipyard.harness.TestHarness.RV32RocketFPGAConfig/gen-collateral/Arbiter2_Valid_PTWReq.sv' cannot be added to the project because it already exists in the project, skipping this file
WARNING: [filemgmt 56-12] File '/mnt/Storage/SCHOOL/Capstone/ChaosCore-chipyard/sims/verilator/generated-src/chipyard.harness.TestHarness.RV32RocketFPGAConfig/gen-collateral/Arbiter3_LLWB.sv' cannot be added to the project because it already exists in the project, skipping this file
WARNING: [filemgmt 56-12] File '/mnt/Storage/SCHOOL/Capstone/ChaosCore-chipyard/sims/verilator/generated-src/chipyard.harness.TestHarness.RV32RocketFPGAConfig/gen-collateral/AsyncQueueSink_Phit.sv' cannot be added to the project because it already exists in the project, skipping this file
WARNING: [filemgmt 56-12] File '/mnt/Storage/SCHOOL/Capstone/ChaosCore-chipyard/sims/verilator/generated-src/chipyard.harness.TestHarness.RV32RocketFPGAConfig/gen-collateral/AsyncQueueSource_Phit.sv' cannot be added to the project because it already exists in the project, skipping this file
WARNING: [filemgmt 56-12] File '/mnt/Storage/SCHOOL/Capstone/ChaosCore-chipyard/sims/verilator/generated-src/chipyard.harness.TestHarness.RV32RocketFPGAConfig/gen-collateral/AsyncQueue.sv' cannot be added to the project because it already exists in the project, skipping this file
WARNING: [filemgmt 56-12] File '/mnt/Storage/SCHOOL/Capstone/ChaosCore-chipyard/sims/verilator/generated-src/chipyard.harness.TestHarness.RV32RocketFPGAConfig/gen-collateral/AsyncResetRegVec_w1_i0.sv' cannot be added to the project because it already exists in the project, skipping this file
WARNING: [filemgmt 56-12] File '/mnt/Storage/SCHOOL/Capstone/ChaosCore-chipyard/sims/verilator/generated-src/chipyard.harness.TestHarness.RV32RocketFPGAConfig/gen-collateral/AsyncResetRegVec_w1_i1.sv' cannot be added to the project because it already exists in the project, skipping this file
WARNING: [filemgmt 56-12] File '/mnt/Storage/SCHOOL/Capstone/ChaosCore-chipyard/sims/verilator/generated-src/chipyard.harness.TestHarness.RV32RocketFPGAConfig/gen-collateral/AsyncResetRegVec_w2_i0.sv' cannot be added to the project because it already exists in the project, skipping this file
WARNING: [filemgmt 56-12] File '/mnt/Storage/SCHOOL/Capstone/ChaosCore-chipyard/sims/verilator/generated-src/chipyard.harness.TestHarness.RV32RocketFPGAConfig/gen-collateral/AsyncResetSynchronizerPrimitiveShiftReg_d3_i0.sv' cannot be added to the project because it already exists in the project, skipping this file
WARNING: [filemgmt 56-12] File '/mnt/Storage/SCHOOL/Capstone/ChaosCore-chipyard/sims/verilator/generated-src/chipyard.harness.TestHarness.RV32RocketFPGAConfig/gen-collateral/AsyncResetSynchronizerPrimitiveShiftReg_d3_i0_TestHarness_UNIQUIFIED.sv' cannot be added to the project because it already exists in the project, skipping this file
WARNING: [filemgmt 56-12] File '/mnt/Storage/SCHOOL/Capstone/ChaosCore-chipyard/sims/verilator/generated-src/chipyard.harness.TestHarness.RV32RocketFPGAConfig/gen-collateral/AsyncResetSynchronizerShiftReg_w1_d3_i0_1.sv' cannot be added to the project because it already exists in the project, skipping this file
WARNING: [filemgmt 56-12] File '/mnt/Storage/SCHOOL/Capstone/ChaosCore-chipyard/sims/verilator/generated-src/chipyard.harness.TestHarness.RV32RocketFPGAConfig/gen-collateral/AsyncResetSynchronizerShiftReg_w1_d3_i0.sv' cannot be added to the project because it already exists in the project, skipping this file
WARNING: [filemgmt 56-12] File '/mnt/Storage/SCHOOL/Capstone/ChaosCore-chipyard/sims/verilator/generated-src/chipyard.harness.TestHarness.RV32RocketFPGAConfig/gen-collateral/AsyncResetSynchronizerShiftReg_w1_d3_i0_TestHarness_UNIQUIFIED.sv' cannot be added to the project because it already exists in the project, skipping this file
WARNING: [filemgmt 56-12] File '/mnt/Storage/SCHOOL/Capstone/ChaosCore-chipyard/sims/verilator/generated-src/chipyard.harness.TestHarness.RV32RocketFPGAConfig/gen-collateral/AsyncResetSynchronizerShiftReg_w4_d3_i0.sv' cannot be added to the project because it already exists in the project, skipping this file
WARNING: [filemgmt 56-12] File '/mnt/Storage/SCHOOL/Capstone/ChaosCore-chipyard/sims/verilator/generated-src/chipyard.harness.TestHarness.RV32RocketFPGAConfig/gen-collateral/AsyncValidSync.sv' cannot be added to the project because it already exists in the project, skipping this file
WARNING: [filemgmt 56-12] File '/mnt/Storage/SCHOOL/Capstone/ChaosCore-chipyard/sims/verilator/generated-src/chipyard.harness.TestHarness.RV32RocketFPGAConfig/gen-collateral/Atomics.sv' cannot be added to the project because it already exists in the project, skipping this file
WARNING: [filemgmt 56-12] File '/mnt/Storage/SCHOOL/Capstone/ChaosCore-chipyard/sims/verilator/generated-src/chipyard.harness.TestHarness.RV32RocketFPGAConfig/gen-collateral/AXI4Buffer_1.sv' cannot be added to the project because it already exists in the project, skipping this file
WARNING: [filemgmt 56-12] File '/mnt/Storage/SCHOOL/Capstone/ChaosCore-chipyard/sims/verilator/generated-src/chipyard.harness.TestHarness.RV32RocketFPGAConfig/gen-collateral/AXI4Buffer.sv' cannot be added to the project because it already exists in the project, skipping this file
WARNING: [filemgmt 56-12] File '/mnt/Storage/SCHOOL/Capstone/ChaosCore-chipyard/sims/verilator/generated-src/chipyard.harness.TestHarness.RV32RocketFPGAConfig/gen-collateral/AXI4Deinterleaver.sv' cannot be added to the project because it already exists in the project, skipping this file
WARNING: [filemgmt 56-12] File '/mnt/Storage/SCHOOL/Capstone/ChaosCore-chipyard/sims/verilator/generated-src/chipyard.harness.TestHarness.RV32RocketFPGAConfig/gen-collateral/AXI4Fragmenter.sv' cannot be added to the project because it already exists in the project, skipping this file
WARNING: [filemgmt 56-12] File '/mnt/Storage/SCHOOL/Capstone/ChaosCore-chipyard/sims/verilator/generated-src/chipyard.harness.TestHarness.RV32RocketFPGAConfig/gen-collateral/AXI4IdIndexer_1.sv' cannot be added to the project because it already exists in the project, skipping this file
WARNING: [filemgmt 56-12] File '/mnt/Storage/SCHOOL/Capstone/ChaosCore-chipyard/sims/verilator/generated-src/chipyard.harness.TestHarness.RV32RocketFPGAConfig/gen-collateral/AXI4IdIndexer.sv' cannot be added to the project because it already exists in the project, skipping this file
WARNING: [filemgmt 56-12] File '/mnt/Storage/SCHOOL/Capstone/ChaosCore-chipyard/sims/verilator/generated-src/chipyard.harness.TestHarness.RV32RocketFPGAConfig/gen-collateral/AXI4RAM.sv' cannot be added to the project because it already exists in the project, skipping this file
WARNING: [filemgmt 56-12] File '/mnt/Storage/SCHOOL/Capstone/ChaosCore-chipyard/sims/verilator/generated-src/chipyard.harness.TestHarness.RV32RocketFPGAConfig/gen-collateral/AXI4UserYanker_1.sv' cannot be added to the project because it already exists in the project, skipping this file
WARNING: [filemgmt 56-12] File '/mnt/Storage/SCHOOL/Capstone/ChaosCore-chipyard/sims/verilator/generated-src/chipyard.harness.TestHarness.RV32RocketFPGAConfig/gen-collateral/AXI4UserYanker.sv' cannot be added to the project because it already exists in the project, skipping this file
WARNING: [filemgmt 56-12] File '/mnt/Storage/SCHOOL/Capstone/ChaosCore-chipyard/sims/verilator/generated-src/chipyard.harness.TestHarness.RV32RocketFPGAConfig/gen-collateral/AXI4Xbar.sv' cannot be added to the project because it already exists in the project, skipping this file
WARNING: [filemgmt 56-12] File '/mnt/Storage/SCHOOL/Capstone/ChaosCore-chipyard/sims/verilator/generated-src/chipyard.harness.TestHarness.RV32RocketFPGAConfig/gen-collateral/BankBinder.sv' cannot be added to the project because it already exists in the project, skipping this file
WARNING: [filemgmt 56-12] File '/mnt/Storage/SCHOOL/Capstone/ChaosCore-chipyard/sims/verilator/generated-src/chipyard.harness.TestHarness.RV32RocketFPGAConfig/gen-collateral/BankedStore.sv' cannot be added to the project because it already exists in the project, skipping this file
WARNING: [filemgmt 56-12] File '/mnt/Storage/SCHOOL/Capstone/ChaosCore-chipyard/sims/verilator/generated-src/chipyard.harness.TestHarness.RV32RocketFPGAConfig/gen-collateral/BootROMClockSinkDomain.sv' cannot be added to the project because it already exists in the project, skipping this file
WARNING: [filemgmt 56-12] File '/mnt/Storage/SCHOOL/Capstone/ChaosCore-chipyard/sims/verilator/generated-src/chipyard.harness.TestHarness.RV32RocketFPGAConfig/gen-collateral/BreakpointUnit.sv' cannot be added to the project because it already exists in the project, skipping this file
WARNING: [filemgmt 56-12] File '/mnt/Storage/SCHOOL/Capstone/ChaosCore-chipyard/sims/verilator/generated-src/chipyard.harness.TestHarness.RV32RocketFPGAConfig/gen-collateral/BTB.sv' cannot be added to the project because it already exists in the project, skipping this file
WARNING: [filemgmt 56-12] File '/mnt/Storage/SCHOOL/Capstone/ChaosCore-chipyard/sims/verilator/generated-src/chipyard.harness.TestHarness.RV32RocketFPGAConfig/gen-collateral/BundleBridgeNexus_UInt1_1.sv' cannot be added to the project because it already exists in the project, skipping this file
WARNING: [filemgmt 56-12] File '/mnt/Storage/SCHOOL/Capstone/ChaosCore-chipyard/sims/verilator/generated-src/chipyard.harness.TestHarness.RV32RocketFPGAConfig/gen-collateral/cc_banks_0.sv' cannot be added to the project because it already exists in the project, skipping this file
WARNING: [filemgmt 56-12] File '/mnt/Storage/SCHOOL/Capstone/ChaosCore-chipyard/sims/verilator/generated-src/chipyard.harness.TestHarness.RV32RocketFPGAConfig/gen-collateral/cc_banks_1.sv' cannot be added to the project because it already exists in the project, skipping this file
WARNING: [filemgmt 56-12] File '/mnt/Storage/SCHOOL/Capstone/ChaosCore-chipyard/sims/verilator/generated-src/chipyard.harness.TestHarness.RV32RocketFPGAConfig/gen-collateral/cc_banks_2.sv' cannot be added to the project because it already exists in the project, skipping this file
WARNING: [filemgmt 56-12] File '/mnt/Storage/SCHOOL/Capstone/ChaosCore-chipyard/sims/verilator/generated-src/chipyard.harness.TestHarness.RV32RocketFPGAConfig/gen-collateral/cc_banks_3.sv' cannot be added to the project because it already exists in the project, skipping this file
WARNING: [filemgmt 56-12] File '/mnt/Storage/SCHOOL/Capstone/ChaosCore-chipyard/sims/verilator/generated-src/chipyard.harness.TestHarness.RV32RocketFPGAConfig/gen-collateral/cc_dir.sv' cannot be added to the project because it already exists in the project, skipping this file
WARNING: [filemgmt 56-12] File '/mnt/Storage/SCHOOL/Capstone/ChaosCore-chipyard/sims/verilator/generated-src/chipyard.harness.TestHarness.RV32RocketFPGAConfig/gen-collateral/ChipTop.sv' cannot be added to the project because it already exists in the project, skipping this file
WARNING: [filemgmt 56-12] File '/mnt/Storage/SCHOOL/Capstone/ChaosCore-chipyard/sims/verilator/generated-src/chipyard.harness.TestHarness.RV32RocketFPGAConfig/gen-collateral/CLINTClockSinkDomain.sv' cannot be added to the project because it already exists in the project, skipping this file
WARNING: [filemgmt 56-12] File '/mnt/Storage/SCHOOL/Capstone/ChaosCore-chipyard/sims/verilator/generated-src/chipyard.harness.TestHarness.RV32RocketFPGAConfig/gen-collateral/CLINT.sv' cannot be added to the project because it already exists in the project, skipping this file
WARNING: [filemgmt 56-12] File '/mnt/Storage/SCHOOL/Capstone/ChaosCore-chipyard/sims/verilator/generated-src/chipyard.harness.TestHarness.RV32RocketFPGAConfig/gen-collateral/ClockCrossingReg_w32.sv' cannot be added to the project because it already exists in the project, skipping this file
WARNING: [filemgmt 56-12] File '/mnt/Storage/SCHOOL/Capstone/ChaosCore-chipyard/sims/verilator/generated-src/chipyard.harness.TestHarness.RV32RocketFPGAConfig/gen-collateral/ClockGroupAggregator_allClocks.sv' cannot be added to the project because it already exists in the project, skipping this file
WARNING: [filemgmt 56-12] File '/mnt/Storage/SCHOOL/Capstone/ChaosCore-chipyard/sims/verilator/generated-src/chipyard.harness.TestHarness.RV32RocketFPGAConfig/gen-collateral/ClockGroupCombiner.sv' cannot be added to the project because it already exists in the project, skipping this file
WARNING: [filemgmt 56-12] File '/mnt/Storage/SCHOOL/Capstone/ChaosCore-chipyard/sims/verilator/generated-src/chipyard.harness.TestHarness.RV32RocketFPGAConfig/gen-collateral/ClockGroupResetSynchronizer.sv' cannot be added to the project because it already exists in the project, skipping this file
WARNING: [filemgmt 56-12] File '/mnt/Storage/SCHOOL/Capstone/ChaosCore-chipyard/sims/verilator/generated-src/chipyard.harness.TestHarness.RV32RocketFPGAConfig/gen-collateral/ClockSourceAtFreqMHz.v' cannot be added to the project because it already exists in the project, skipping this file
WARNING: [filemgmt 56-12] File '/mnt/Storage/SCHOOL/Capstone/ChaosCore-chipyard/sims/verilator/generated-src/chipyard.harness.TestHarness.RV32RocketFPGAConfig/gen-collateral/CoherenceManagerWrapper.sv' cannot be added to the project because it already exists in the project, skipping this file
WARNING: [filemgmt 56-12] File '/mnt/Storage/SCHOOL/Capstone/ChaosCore-chipyard/sims/verilator/generated-src/chipyard.harness.TestHarness.RV32RocketFPGAConfig/gen-collateral/CompareRecFN.sv' cannot be added to the project because it already exists in the project, skipping this file
WARNING: [filemgmt 56-12] File '/mnt/Storage/SCHOOL/Capstone/ChaosCore-chipyard/sims/verilator/generated-src/chipyard.harness.TestHarness.RV32RocketFPGAConfig/gen-collateral/CSRFile.sv' cannot be added to the project because it already exists in the project, skipping this file
WARNING: [filemgmt 56-12] File '/mnt/Storage/SCHOOL/Capstone/ChaosCore-chipyard/sims/verilator/generated-src/chipyard.harness.TestHarness.RV32RocketFPGAConfig/gen-collateral/data_16x65.sv' cannot be added to the project because it already exists in the project, skipping this file
WARNING: [filemgmt 56-12] File '/mnt/Storage/SCHOOL/Capstone/ChaosCore-chipyard/sims/verilator/generated-src/chipyard.harness.TestHarness.RV32RocketFPGAConfig/gen-collateral/data_40x73.sv' cannot be added to the project because it already exists in the project, skipping this file
WARNING: [filemgmt 56-12] File '/mnt/Storage/SCHOOL/Capstone/ChaosCore-chipyard/sims/verilator/generated-src/chipyard.harness.TestHarness.RV32RocketFPGAConfig/gen-collateral/DCacheDataArray.sv' cannot be added to the project because it already exists in the project, skipping this file
WARNING: [filemgmt 56-12] File '/mnt/Storage/SCHOOL/Capstone/ChaosCore-chipyard/sims/verilator/generated-src/chipyard.harness.TestHarness.RV32RocketFPGAConfig/gen-collateral/DCache.sv' cannot be added to the project because it already exists in the project, skipping this file
WARNING: [filemgmt 56-12] File '/mnt/Storage/SCHOOL/Capstone/ChaosCore-chipyard/sims/verilator/generated-src/chipyard.harness.TestHarness.RV32RocketFPGAConfig/gen-collateral/DecoupledSerialPhy.sv' cannot be added to the project because it already exists in the project, skipping this file
WARNING: [filemgmt 56-12] File '/mnt/Storage/SCHOOL/Capstone/ChaosCore-chipyard/sims/verilator/generated-src/chipyard.harness.TestHarness.RV32RocketFPGAConfig/gen-collateral/DigitalTop.sv' cannot be added to the project because it already exists in the project, skipping this file
WARNING: [filemgmt 56-12] File '/mnt/Storage/SCHOOL/Capstone/ChaosCore-chipyard/sims/verilator/generated-src/chipyard.harness.TestHarness.RV32RocketFPGAConfig/gen-collateral/Directory.sv' cannot be added to the project because it already exists in the project, skipping this file
WARNING: [filemgmt 56-12] File '/mnt/Storage/SCHOOL/Capstone/ChaosCore-chipyard/sims/verilator/generated-src/chipyard.harness.TestHarness.RV32RocketFPGAConfig/gen-collateral/DivSqrtRawFN_small_e5_s11.sv' cannot be added to the project because it already exists in the project, skipping this file
WARNING: [filemgmt 56-12] File '/mnt/Storage/SCHOOL/Capstone/ChaosCore-chipyard/sims/verilator/generated-src/chipyard.harness.TestHarness.RV32RocketFPGAConfig/gen-collateral/DivSqrtRawFN_small_e8_s24.sv' cannot be added to the project because it already exists in the project, skipping this file
WARNING: [filemgmt 56-12] File '/mnt/Storage/SCHOOL/Capstone/ChaosCore-chipyard/sims/verilator/generated-src/chipyard.harness.TestHarness.RV32RocketFPGAConfig/gen-collateral/DivSqrtRecFM_small_e5_s11.sv' cannot be added to the project because it already exists in the project, skipping this file
WARNING: [filemgmt 56-12] File '/mnt/Storage/SCHOOL/Capstone/ChaosCore-chipyard/sims/verilator/generated-src/chipyard.harness.TestHarness.RV32RocketFPGAConfig/gen-collateral/DivSqrtRecFM_small_e8_s24.sv' cannot be added to the project because it already exists in the project, skipping this file
WARNING: [filemgmt 56-12] File '/mnt/Storage/SCHOOL/Capstone/ChaosCore-chipyard/sims/verilator/generated-src/chipyard.harness.TestHarness.RV32RocketFPGAConfig/gen-collateral/DivSqrtRecFMToRaw_small_e5_s11.sv' cannot be added to the project because it already exists in the project, skipping this file
WARNING: [filemgmt 56-12] File '/mnt/Storage/SCHOOL/Capstone/ChaosCore-chipyard/sims/verilator/generated-src/chipyard.harness.TestHarness.RV32RocketFPGAConfig/gen-collateral/DivSqrtRecFMToRaw_small_e8_s24.sv' cannot be added to the project because it already exists in the project, skipping this file
WARNING: [filemgmt 56-12] File '/mnt/Storage/SCHOOL/Capstone/ChaosCore-chipyard/sims/verilator/generated-src/chipyard.harness.TestHarness.RV32RocketFPGAConfig/gen-collateral/ErrorDeviceWrapper.sv' cannot be added to the project because it already exists in the project, skipping this file
WARNING: [filemgmt 56-12] File '/mnt/Storage/SCHOOL/Capstone/ChaosCore-chipyard/sims/verilator/generated-src/chipyard.harness.TestHarness.RV32RocketFPGAConfig/gen-collateral/FixedClockBroadcast_2.sv' cannot be added to the project because it already exists in the project, skipping this file
WARNING: [filemgmt 56-12] File '/mnt/Storage/SCHOOL/Capstone/ChaosCore-chipyard/sims/verilator/generated-src/chipyard.harness.TestHarness.RV32RocketFPGAConfig/gen-collateral/FixedClockBroadcast_3.sv' cannot be added to the project because it already exists in the project, skipping this file
WARNING: [filemgmt 56-12] File '/mnt/Storage/SCHOOL/Capstone/ChaosCore-chipyard/sims/verilator/generated-src/chipyard.harness.TestHarness.RV32RocketFPGAConfig/gen-collateral/FixedClockBroadcast_5.sv' cannot be added to the project because it already exists in the project, skipping this file
WARNING: [filemgmt 56-12] File '/mnt/Storage/SCHOOL/Capstone/ChaosCore-chipyard/sims/verilator/generated-src/chipyard.harness.TestHarness.RV32RocketFPGAConfig/gen-collateral/FlitToPhit_f32_p32.sv' cannot be added to the project because it already exists in the project, skipping this file
WARNING: [filemgmt 56-12] File '/mnt/Storage/SCHOOL/Capstone/ChaosCore-chipyard/sims/verilator/generated-src/chipyard.harness.TestHarness.RV32RocketFPGAConfig/gen-collateral/FPToFP.sv' cannot be added to the project because it already exists in the project, skipping this file
WARNING: [filemgmt 56-12] File '/mnt/Storage/SCHOOL/Capstone/ChaosCore-chipyard/sims/verilator/generated-src/chipyard.harness.TestHarness.RV32RocketFPGAConfig/gen-collateral/FPToInt.sv' cannot be added to the project because it already exists in the project, skipping this file
WARNING: [filemgmt 56-12] File '/mnt/Storage/SCHOOL/Capstone/ChaosCore-chipyard/sims/verilator/generated-src/chipyard.harness.TestHarness.RV32RocketFPGAConfig/gen-collateral/FPUDecoder.sv' cannot be added to the project because it already exists in the project, skipping this file
WARNING: [filemgmt 56-12] File '/mnt/Storage/SCHOOL/Capstone/ChaosCore-chipyard/sims/verilator/generated-src/chipyard.harness.TestHarness.RV32RocketFPGAConfig/gen-collateral/FPUFMAPipe_l3_f16.sv' cannot be added to the project because it already exists in the project, skipping this file
WARNING: [filemgmt 56-12] File '/mnt/Storage/SCHOOL/Capstone/ChaosCore-chipyard/sims/verilator/generated-src/chipyard.harness.TestHarness.RV32RocketFPGAConfig/gen-collateral/FPUFMAPipe_l3_f32.sv' cannot be added to the project because it already exists in the project, skipping this file
WARNING: [filemgmt 56-12] File '/mnt/Storage/SCHOOL/Capstone/ChaosCore-chipyard/sims/verilator/generated-src/chipyard.harness.TestHarness.RV32RocketFPGAConfig/gen-collateral/FPU.sv' cannot be added to the project because it already exists in the project, skipping this file
WARNING: [filemgmt 56-12] File '/mnt/Storage/SCHOOL/Capstone/ChaosCore-chipyard/sims/verilator/generated-src/chipyard.harness.TestHarness.RV32RocketFPGAConfig/gen-collateral/Frontend.sv' cannot be added to the project because it already exists in the project, skipping this file
WARNING: [filemgmt 56-12] File '/mnt/Storage/SCHOOL/Capstone/ChaosCore-chipyard/sims/verilator/generated-src/chipyard.harness.TestHarness.RV32RocketFPGAConfig/gen-collateral/GenericDeserializer_TLBeatw10_f32.sv' cannot be added to the project because it already exists in the project, skipping this file
WARNING: [filemgmt 56-12] File '/mnt/Storage/SCHOOL/Capstone/ChaosCore-chipyard/sims/verilator/generated-src/chipyard.harness.TestHarness.RV32RocketFPGAConfig/gen-collateral/GenericDeserializer_TLBeatw67_f32.sv' cannot be added to the project because it already exists in the project, skipping this file
WARNING: [filemgmt 56-12] File '/mnt/Storage/SCHOOL/Capstone/ChaosCore-chipyard/sims/verilator/generated-src/chipyard.harness.TestHarness.RV32RocketFPGAConfig/gen-collateral/GenericDeserializer_TLBeatw87_f32.sv' cannot be added to the project because it already exists in the project, skipping this file
WARNING: [filemgmt 56-12] File '/mnt/Storage/SCHOOL/Capstone/ChaosCore-chipyard/sims/verilator/generated-src/chipyard.harness.TestHarness.RV32RocketFPGAConfig/gen-collateral/GenericDeserializer_TLBeatw88_f32.sv' cannot be added to the project because it already exists in the project, skipping this file
WARNING: [filemgmt 56-12] File '/mnt/Storage/SCHOOL/Capstone/ChaosCore-chipyard/sims/verilator/generated-src/chipyard.harness.TestHarness.RV32RocketFPGAConfig/gen-collateral/GenericDigitalInIOCell.v' cannot be added to the project because it already exists in the project, skipping this file
WARNING: [filemgmt 56-12] File '/mnt/Storage/SCHOOL/Capstone/ChaosCore-chipyard/sims/verilator/generated-src/chipyard.harness.TestHarness.RV32RocketFPGAConfig/gen-collateral/GenericDigitalOutIOCell.v' cannot be added to the project because it already exists in the project, skipping this file
WARNING: [filemgmt 56-12] File '/mnt/Storage/SCHOOL/Capstone/ChaosCore-chipyard/sims/verilator/generated-src/chipyard.harness.TestHarness.RV32RocketFPGAConfig/gen-collateral/GenericSerializer_TLBeatw67_f32.sv' cannot be added to the project because it already exists in the project, skipping this file
WARNING: [filemgmt 56-12] File '/mnt/Storage/SCHOOL/Capstone/ChaosCore-chipyard/sims/verilator/generated-src/chipyard.harness.TestHarness.RV32RocketFPGAConfig/gen-collateral/GenericSerializer_TLBeatw87_f32.sv' cannot be added to the project because it already exists in the project, skipping this file
WARNING: [filemgmt 56-12] File '/mnt/Storage/SCHOOL/Capstone/ChaosCore-chipyard/sims/verilator/generated-src/chipyard.harness.TestHarness.RV32RocketFPGAConfig/gen-collateral/head_21x6.sv' cannot be added to the project because it already exists in the project, skipping this file
WARNING: [filemgmt 56-12] File '/mnt/Storage/SCHOOL/Capstone/ChaosCore-chipyard/sims/verilator/generated-src/chipyard.harness.TestHarness.RV32RocketFPGAConfig/gen-collateral/head_2x4.sv' cannot be added to the project because it already exists in the project, skipping this file
WARNING: [filemgmt 56-12] File '/mnt/Storage/SCHOOL/Capstone/ChaosCore-chipyard/sims/verilator/generated-src/chipyard.harness.TestHarness.RV32RocketFPGAConfig/gen-collateral/head_40x6.sv' cannot be added to the project because it already exists in the project, skipping this file
WARNING: [filemgmt 56-12] File '/mnt/Storage/SCHOOL/Capstone/ChaosCore-chipyard/sims/verilator/generated-src/chipyard.harness.TestHarness.RV32RocketFPGAConfig/gen-collateral/HellaCacheArbiter.sv' cannot be added to the project because it already exists in the project, skipping this file
WARNING: [filemgmt 56-12] File '/mnt/Storage/SCHOOL/Capstone/ChaosCore-chipyard/sims/verilator/generated-src/chipyard.harness.TestHarness.RV32RocketFPGAConfig/gen-collateral/IBuf.sv' cannot be added to the project because it already exists in the project, skipping this file
WARNING: [filemgmt 56-12] File '/mnt/Storage/SCHOOL/Capstone/ChaosCore-chipyard/sims/verilator/generated-src/chipyard.harness.TestHarness.RV32RocketFPGAConfig/gen-collateral/ICache.sv' cannot be added to the project because it already exists in the project, skipping this file
WARNING: [filemgmt 56-12] File '/mnt/Storage/SCHOOL/Capstone/ChaosCore-chipyard/sims/verilator/generated-src/chipyard.harness.TestHarness.RV32RocketFPGAConfig/gen-collateral/IDPool.sv' cannot be added to the project because it already exists in the project, skipping this file
WARNING: [filemgmt 56-12] File '/mnt/Storage/SCHOOL/Capstone/ChaosCore-chipyard/sims/verilator/generated-src/chipyard.harness.TestHarness.RV32RocketFPGAConfig/gen-collateral/InclusiveCacheBankScheduler.sv' cannot be added to the project because it already exists in the project, skipping this file
WARNING: [filemgmt 56-12] File '/mnt/Storage/SCHOOL/Capstone/ChaosCore-chipyard/sims/verilator/generated-src/chipyard.harness.TestHarness.RV32RocketFPGAConfig/gen-collateral/InclusiveCacheControl.sv' cannot be added to the project because it already exists in the project, skipping this file
WARNING: [filemgmt 56-12] File '/mnt/Storage/SCHOOL/Capstone/ChaosCore-chipyard/sims/verilator/generated-src/chipyard.harness.TestHarness.RV32RocketFPGAConfig/gen-collateral/InclusiveCache.sv' cannot be added to the project because it already exists in the project, skipping this file
WARNING: [filemgmt 56-12] File '/mnt/Storage/SCHOOL/Capstone/ChaosCore-chipyard/sims/verilator/generated-src/chipyard.harness.TestHarness.RV32RocketFPGAConfig/gen-collateral/INToRecFN_i32_e5_s11.sv' cannot be added to the project because it already exists in the project, skipping this file
WARNING: [filemgmt 56-12] File '/mnt/Storage/SCHOOL/Capstone/ChaosCore-chipyard/sims/verilator/generated-src/chipyard.harness.TestHarness.RV32RocketFPGAConfig/gen-collateral/INToRecFN_i32_e8_s24.sv' cannot be added to the project because it already exists in the project, skipping this file
WARNING: [filemgmt 56-12] File '/mnt/Storage/SCHOOL/Capstone/ChaosCore-chipyard/sims/verilator/generated-src/chipyard.harness.TestHarness.RV32RocketFPGAConfig/gen-collateral/IntSyncCrossingSource_n1x1.sv' cannot be added to the project because it already exists in the project, skipping this file
WARNING: [filemgmt 56-12] File '/mnt/Storage/SCHOOL/Capstone/ChaosCore-chipyard/sims/verilator/generated-src/chipyard.harness.TestHarness.RV32RocketFPGAConfig/gen-collateral/IntSyncCrossingSource_n1x2.sv' cannot be added to the project because it already exists in the project, skipping this file
WARNING: [filemgmt 56-12] File '/mnt/Storage/SCHOOL/Capstone/ChaosCore-chipyard/sims/verilator/generated-src/chipyard.harness.TestHarness.RV32RocketFPGAConfig/gen-collateral/IntSyncSyncCrossingSink_n1x1.sv' cannot be added to the project because it already exists in the project, skipping this file
WARNING: [filemgmt 56-12] File '/mnt/Storage/SCHOOL/Capstone/ChaosCore-chipyard/sims/verilator/generated-src/chipyard.harness.TestHarness.RV32RocketFPGAConfig/gen-collateral/IntSyncSyncCrossingSink_n1x2.sv' cannot be added to the project because it already exists in the project, skipping this file
WARNING: [filemgmt 56-12] File '/mnt/Storage/SCHOOL/Capstone/ChaosCore-chipyard/sims/verilator/generated-src/chipyard.harness.TestHarness.RV32RocketFPGAConfig/gen-collateral/IntToFP.sv' cannot be added to the project because it already exists in the project, skipping this file
WARNING: [filemgmt 56-12] File '/mnt/Storage/SCHOOL/Capstone/ChaosCore-chipyard/sims/verilator/generated-src/chipyard.harness.TestHarness.RV32RocketFPGAConfig/gen-collateral/IntXbar_i1_o1.sv' cannot be added to the project because it already exists in the project, skipping this file
INFO: [Common 17-14] Message 'filemgmt 56-12' appears 100 times and further instances of the messages will be disabled. Use the Tcl command set_msg_config to change the current settings.
# read_verilog $lib_dir/RV32RocketCoreTop.v
ERROR: [Common 17-69] Command failed: File '/mnt/Storage/SCHOOL/Capstone/ChaosCore-chipyard/sims/verilator/generated-src/chipyard.harness.TestHarness.RV32RocketFPGAConfig/gen-collateral/RV32RocketCoreTop.v' does not exist
INFO: [Common 17-206] Exiting Vivado at Thu Mar  6 19:29:43 2025...
